Archive member included to satisfy reference by file (symbol)

c:/intelfpga_lite/18.1/nios2eds/bin/gnu/h-x86_64-mingw32/bin/../lib/gcc/nios2-elf/5.3.0/../../../../../H-x86_64-mingw32/nios2-elf/lib/mno-hw-mul\libc.a(lib_a-puts.o)
                              obj/default/hello_ucosii.o (puts)
c:/intelfpga_lite/18.1/nios2eds/bin/gnu/h-x86_64-mingw32/bin/../lib/gcc/nios2-elf/5.3.0/../../../../../H-x86_64-mingw32/nios2-elf/lib/mno-hw-mul\libc.a(lib_a-strlen.o)
                              c:/intelfpga_lite/18.1/nios2eds/bin/gnu/h-x86_64-mingw32/bin/../lib/gcc/nios2-elf/5.3.0/../../../../../H-x86_64-mingw32/nios2-elf/lib/mno-hw-mul\libc.a(lib_a-puts.o) (strlen)
c:/intelfpga_lite/18.1/nios2eds/bin/gnu/h-x86_64-mingw32/bin/../lib/gcc/nios2-elf/5.3.0/../../../../../H-x86_64-mingw32/nios2-elf/lib/mno-hw-mul\libc.a(lib_a-findfp.o)
                              c:/intelfpga_lite/18.1/nios2eds/bin/gnu/h-x86_64-mingw32/bin/../lib/gcc/nios2-elf/5.3.0/../../../../../H-x86_64-mingw32/nios2-elf/lib/mno-hw-mul\libc.a(lib_a-puts.o) (__sinit)
c:/intelfpga_lite/18.1/nios2eds/bin/gnu/h-x86_64-mingw32/bin/../lib/gcc/nios2-elf/5.3.0/../../../../../H-x86_64-mingw32/nios2-elf/lib/mno-hw-mul\libc.a(lib_a-fvwrite.o)
                              c:/intelfpga_lite/18.1/nios2eds/bin/gnu/h-x86_64-mingw32/bin/../lib/gcc/nios2-elf/5.3.0/../../../../../H-x86_64-mingw32/nios2-elf/lib/mno-hw-mul\libc.a(lib_a-puts.o) (__sfvwrite_r)
c:/intelfpga_lite/18.1/nios2eds/bin/gnu/h-x86_64-mingw32/bin/../lib/gcc/nios2-elf/5.3.0/../../../../../H-x86_64-mingw32/nios2-elf/lib/mno-hw-mul\libc.a(lib_a-fwalk.o)
                              c:/intelfpga_lite/18.1/nios2eds/bin/gnu/h-x86_64-mingw32/bin/../lib/gcc/nios2-elf/5.3.0/../../../../../H-x86_64-mingw32/nios2-elf/lib/mno-hw-mul\libc.a(lib_a-findfp.o) (_fwalk)
c:/intelfpga_lite/18.1/nios2eds/bin/gnu/h-x86_64-mingw32/bin/../lib/gcc/nios2-elf/5.3.0/../../../../../H-x86_64-mingw32/nios2-elf/lib/mno-hw-mul\libc.a(lib_a-impure.o)
                              c:/intelfpga_lite/18.1/nios2eds/bin/gnu/h-x86_64-mingw32/bin/../lib/gcc/nios2-elf/5.3.0/../../../../../H-x86_64-mingw32/nios2-elf/lib/mno-hw-mul\libc.a(lib_a-findfp.o) (_global_impure_ptr)
c:/intelfpga_lite/18.1/nios2eds/bin/gnu/h-x86_64-mingw32/bin/../lib/gcc/nios2-elf/5.3.0/../../../../../H-x86_64-mingw32/nios2-elf/lib/mno-hw-mul\libc.a(lib_a-mallocr.o)
                              c:/intelfpga_lite/18.1/nios2eds/bin/gnu/h-x86_64-mingw32/bin/../lib/gcc/nios2-elf/5.3.0/../../../../../H-x86_64-mingw32/nios2-elf/lib/mno-hw-mul\libc.a(lib_a-findfp.o) (_malloc_r)
c:/intelfpga_lite/18.1/nios2eds/bin/gnu/h-x86_64-mingw32/bin/../lib/gcc/nios2-elf/5.3.0/../../../../../H-x86_64-mingw32/nios2-elf/lib/mno-hw-mul\libc.a(lib_a-memchr.o)
                              c:/intelfpga_lite/18.1/nios2eds/bin/gnu/h-x86_64-mingw32/bin/../lib/gcc/nios2-elf/5.3.0/../../../../../H-x86_64-mingw32/nios2-elf/lib/mno-hw-mul\libc.a(lib_a-fvwrite.o) (memchr)
c:/intelfpga_lite/18.1/nios2eds/bin/gnu/h-x86_64-mingw32/bin/../lib/gcc/nios2-elf/5.3.0/../../../../../H-x86_64-mingw32/nios2-elf/lib/mno-hw-mul\libc.a(lib_a-memcpy.o)
                              c:/intelfpga_lite/18.1/nios2eds/bin/gnu/h-x86_64-mingw32/bin/../lib/gcc/nios2-elf/5.3.0/../../../../../H-x86_64-mingw32/nios2-elf/lib/mno-hw-mul\libc.a(lib_a-fvwrite.o) (memcpy)
c:/intelfpga_lite/18.1/nios2eds/bin/gnu/h-x86_64-mingw32/bin/../lib/gcc/nios2-elf/5.3.0/../../../../../H-x86_64-mingw32/nios2-elf/lib/mno-hw-mul\libc.a(lib_a-memmove.o)
                              c:/intelfpga_lite/18.1/nios2eds/bin/gnu/h-x86_64-mingw32/bin/../lib/gcc/nios2-elf/5.3.0/../../../../../H-x86_64-mingw32/nios2-elf/lib/mno-hw-mul\libc.a(lib_a-fvwrite.o) (memmove)
c:/intelfpga_lite/18.1/nios2eds/bin/gnu/h-x86_64-mingw32/bin/../lib/gcc/nios2-elf/5.3.0/../../../../../H-x86_64-mingw32/nios2-elf/lib/mno-hw-mul\libc.a(lib_a-memset.o)
                              c:/intelfpga_lite/18.1/nios2eds/bin/gnu/h-x86_64-mingw32/bin/../lib/gcc/nios2-elf/5.3.0/../../../../../H-x86_64-mingw32/nios2-elf/lib/mno-hw-mul\libc.a(lib_a-findfp.o) (memset)
c:/intelfpga_lite/18.1/nios2eds/bin/gnu/h-x86_64-mingw32/bin/../lib/gcc/nios2-elf/5.3.0/../../../../../H-x86_64-mingw32/nios2-elf/lib/mno-hw-mul\libc.a(lib_a-reallocr.o)
                              c:/intelfpga_lite/18.1/nios2eds/bin/gnu/h-x86_64-mingw32/bin/../lib/gcc/nios2-elf/5.3.0/../../../../../H-x86_64-mingw32/nios2-elf/lib/mno-hw-mul\libc.a(lib_a-fvwrite.o) (_realloc_r)
c:/intelfpga_lite/18.1/nios2eds/bin/gnu/h-x86_64-mingw32/bin/../lib/gcc/nios2-elf/5.3.0/../../../../../H-x86_64-mingw32/nios2-elf/lib/mno-hw-mul\libc.a(lib_a-sbrkr.o)
                              c:/intelfpga_lite/18.1/nios2eds/bin/gnu/h-x86_64-mingw32/bin/../lib/gcc/nios2-elf/5.3.0/../../../../../H-x86_64-mingw32/nios2-elf/lib/mno-hw-mul\libc.a(lib_a-mallocr.o) (_sbrk_r)
[...]
Memory Configuration

Name             Origin             Length             Attributes
sdram            0x0000000000000000 0x0000000004000000
reset            0x0000000004020000 0x0000000000000020
onchip_memory2   0x0000000004020020 0x0000000000018680
*default*        0x0000000000000000 0xffffffffffffffff

Linker script and memory map

LOAD ../DE10_LITE_Nios_bsp//obj/HAL/src/crt0.o
LOAD obj/default/hello_ucosii.o
LOAD c:/intelfpga_lite/18.1/nios2eds/bin/gnu/h-x86_64-mingw32/bin/../lib/gcc/nios2-elf/5.3.0/../../../../../H-x86_64-mingw32/nios2-elf/lib/mno-hw-mul\libstdc++.a
LOAD c:/intelfpga_lite/18.1/nios2eds/bin/gnu/h-x86_64-mingw32/bin/../lib/gcc/nios2-elf/5.3.0/../../../../../H-x86_64-mingw32/nios2-elf/lib/mno-hw-mul\libm.a
LOAD c:/intelfpga_lite/18.1/nios2eds/bin/gnu/h-x86_64-mingw32/bin/../lib/gcc/nios2-elf/5.3.0/mno-hw-mul\libgcc.a
START GROUP
LOAD c:/intelfpga_lite/18.1/nios2eds/bin/gnu/h-x86_64-mingw32/bin/../lib/gcc/nios2-elf/5.3.0/../../../../../H-x86_64-mingw32/nios2-elf/lib/mno-hw-mul\libc.a
LOAD c:/intelfpga_lite/18.1/nios2eds/bin/gnu/h-x86_64-mingw32/bin/../lib/gcc/nios2-elf/5.3.0/mno-hw-mul\libgcc.a
LOAD ../DE10_LITE_Nios_bsp/\libucosii_bsp.a
LOAD c:/intelfpga_lite/18.1/nios2eds/bin/gnu/h-x86_64-mingw32/bin/../lib/gcc/nios2-elf/5.3.0/../../../../../H-x86_64-mingw32/nios2-elf/lib/mno-hw-mul\libm.a
END GROUP
LOAD c:/intelfpga_lite/18.1/nios2eds/bin/gnu/h-x86_64-mingw32/bin/../lib/gcc/nios2-elf/5.3.0/mno-hw-mul\libgcc.a
                0x0000000000000000                __alt_mem_sdram = 0x0
                0x0000000004020000                __alt_mem_onchip_memory2 = 0x4020000

.entry          0x0000000004020000       0x20
 *(.entry)
 .entry         0x0000000004020000       0x20 ../DE10_LITE_Nios_bsp//obj/HAL/src/crt0.o
                0x0000000004020000                __reset

.exceptions     0x0000000004020020      0x210
                0x0000000004020020                PROVIDE (__ram_exceptions_start, ABSOLUTE (.))
                0x0000000004020020                . = ALIGN (0x20)
 *(.irq)
 *(.exceptions.entry.label)
 .exceptions.entry.label
                0x0000000004020020        0x0 ../DE10_LITE_Nios_bsp/\libucosii_bsp.a(alt_irq_entry.o)
                0x0000000004020020                alt_irq_entry
 .exceptions.entry.label
                0x0000000004020020        0x0 ../DE10_LITE_Nios_bsp/\libucosii_bsp.a(alt_exception_entry.o)
                0x0000000004020020                alt_exception
 *(.exceptions.entry.user)
 *(.exceptions.entry.ecc_fatal)
 *(.exceptions.entry)
 .exceptions.entry
                0x0000000004020020       0x54 ../DE10_LITE_Nios_bsp/\libucosii_bsp.a(alt_exception_entry.o)
 *(.exceptions.irqtest.user)
 *(.exceptions.irqtest)
 .exceptions.irqtest
                0x0000000004020074       0x10 ../DE10_LITE_Nios_bsp/\libucosii_bsp.a(alt_irq_entry.o)
 *(.exceptions.irqhandler.user)
 *(.exceptions.irqhandler)
 .exceptions.irqhandler
                0x0000000004020084        0x4 ../DE10_LITE_Nios_bsp/\libucosii_bsp.a(alt_irq_entry.o)
 *(.exceptions.irqreturn.user)
 *(.exceptions.irqreturn)
 .exceptions.irqreturn
                0x0000000004020088        0x4 ../DE10_LITE_Nios_bsp/\libucosii_bsp.a(alt_irq_entry.o)
 *(.exceptions.notirq.label)
 .exceptions.notirq.label
                0x000000000402008c        0x0 ../DE10_LITE_Nios_bsp/\libucosii_bsp.a(alt_irq_entry.o)
 *(.exceptions.notirq.user)
 *(.exceptions.notirq)
 .exceptions.notirq
                0x000000000402008c        0x8 ../DE10_LITE_Nios_bsp/\libucosii_bsp.a(alt_exception_entry.o)
 *(.exceptions.soft.user)
 *(.exceptions.soft)
 *(.exceptions.unknown.user)
 *(.exceptions.unknown)
 .exceptions.unknown
                0x0000000004020094       0x14 ../DE10_LITE_Nios_bsp/\libucosii_bsp.a(alt_exception_entry.o)
 *(.exceptions.exit.label)
 .exceptions.exit.label
                0x00000000040200a8        0x0 ../DE10_LITE_Nios_bsp/\libucosii_bsp.a(alt_irq_entry.o)
 .exceptions.exit.label
                0x00000000040200a8        0x0 ../DE10_LITE_Nios_bsp/\libucosii_bsp.a(alt_exception_entry.o)
 *(.exceptions.exit.user)
 *(.exceptions.exit)
 .exceptions.exit
                0x00000000040200a8       0x54 ../DE10_LITE_Nios_bsp/\libucosii_bsp.a(alt_exception_entry.o)
 *(.exceptions)
 .exceptions    0x00000000040200fc       0xd4 ../DE10_LITE_Nios_bsp/\libucosii_bsp.a(alt_irq_handler.o)
                0x00000000040200fc                alt_irq_handler
 .exceptions    0x00000000040201d0       0x60 ../DE10_LITE_Nios_bsp/\libucosii_bsp.a(alt_instruction_exception_entry.o)
                0x00000000040201d0                alt_instruction_exception_entry
                0x0000000004020230                PROVIDE (__ram_exceptions_end, ABSOLUTE (.))
                0x0000000004020020                PROVIDE (__flash_exceptions_start, LOADADDR (.exceptions))

.text           0x0000000004020230     0xd854
                [!provide]                        PROVIDE (stext, ABSOLUTE (.))
 *(.interp)
 *(.hash)
 *(.dynsym)
 *(.dynstr)
 *(.gnu.version)
 *(.gnu.version_d)
 *(.gnu.version_r)
 *(.rel.init)
 *(.rela.init)
 *(.rel.text .rel.text.* .rel.gnu.linkonce.t.*)
 *(.rela.text .rela.text.* .rela.gnu.linkonce.t.*)
 *(.rel.fini)
 *(.rela.fini)
 *(.rel.rodata .rel.rodata.* .rel.gnu.linkonce.r.*)
 *(.rela.rodata .rela.rodata.* .rela.gnu.linkonce.r.*)
 *(.rel.data .rel.data.* .rel.gnu.linkonce.d.*)
 *(.rela.data .rela.data.* .rela.gnu.linkonce.d.*)
 *(.rel.tdata .rel.tdata.* .rel.gnu.linkonce.td.*)
 *(.rela.tdata .rela.tdata.* .rela.gnu.linkonce.td.*)
 *(.rel.tbss .rel.tbss.* .rel.gnu.linkonce.tb.*)
 *(.rela.tbss .rela.tbss.* .rela.gnu.linkonce.tb.*)
 *(.rel.ctors)
 *(.rela.ctors)
 *(.rel.dtors)
 *(.rela.dtors)
 *(.rel.got)
 *(.rela.got)
 *(.rel.sdata .rel.sdata.* .rel.gnu.linkonce.s.*)
 *(.rela.sdata .rela.sdata.* .rela.gnu.linkonce.s.*)
 *(.rel.sbss .rel.sbss.* .rel.gnu.linkonce.sb.*)
 *(.rela.sbss .rela.sbss.* .rela.gnu.linkonce.sb.*)
 *(.rel.sdata2 .rel.sdata2.* .rel.gnu.linkonce.s2.*)
 *(.rela.sdata2 .rela.sdata2.* .rela.gnu.linkonce.s2.*)
 *(.rel.sbss2 .rel.sbss2.* .rel.gnu.linkonce.sb2.*)
 *(.rela.sbss2 .rela.sbss2.* .rela.gnu.linkonce.sb2.*)
 *(.rel.bss .rel.bss.* .rel.gnu.linkonce.b.*)
 *(.rela.bss .rela.bss.* .rela.gnu.linkonce.b.*)
 *(.rel.plt)
 *(.rela.plt)
 *(.rel.dyn)
 *(.init)
 *(.plt)
 *(.text .stub .text.* .gnu.linkonce.t.*)
 .text          0x0000000004020230       0x3c ../DE10_LITE_Nios_bsp//obj/HAL/src/crt0.o
                0x0000000004020230                _start
 .text          0x000000000402026c      0x11c obj/default/hello_ucosii.o
                0x000000000402026c                task1
                0x00000000040202a4                task2
                0x00000000040202dc                main
 .text          0x0000000004020388        0x0 c:/intelfpga_lite/18.1/nios2eds/bin/gnu/h-x86_64-mingw32/bin/../lib/gcc/nios2-elf/5.3.0/../../../../../H-x86_64-mingw32/nios2-elf/lib/mno-hw-mul\libc.a(lib_a-puts.o)
 .text._puts_r  0x0000000004020388       0xc0 c:/intelfpga_lite/18.1/nios2eds/bin/gnu/h-x86_64-mingw32/bin/../lib/gcc/nios2-elf/5.3.0/../../../../../H-x86_64-mingw32/nios2-elf/lib/mno-hw-mul\libc.a(lib_a-puts.o)
                0x0000000004020388                _puts_r
 .text.puts     0x0000000004020448       0x14 c:/intelfpga_lite/18.1/nios2eds/bin/gnu/h-x86_64-mingw32/bin/../lib/gcc/nios2-elf/5.3.0/../../../../../H-x86_64-mingw32/nios2-elf/lib/mno-hw-mul\libc.a(lib_a-puts.o)
                0x0000000004020448                puts
 .text          0x000000000402045c        0x0 c:/intelfpga_lite/18.1/nios2eds/bin/gnu/h-x86_64-mingw32/bin/../lib/gcc/nios2-elf/5.3.0/../../../../../H-x86_64-mingw32/nios2-elf/lib/mno-hw-mul\libc.a(lib_a-strlen.o)
 .text.strlen   0x000000000402045c       0x98 c:/intelfpga_lite/18.1/nios2eds/bin/gnu/h-x86_64-mingw32/bin/../lib/gcc/nios2-elf/5.3.0/../../../../../H-x86_64-mingw32/nios2-elf/lib/mno-hw-mul\libc.a(lib_a-strlen.o)
                0x000000000402045c                strlen
 .text          0x00000000040204f4        0x0 c:/intelfpga_lite/18.1/nios2eds/bin/gnu/h-x86_64-mingw32/bin/../lib/gcc/nios2-elf/5.3.0/../../../../../H-x86_64-mingw32/nios2-elf/lib/mno-hw-mul\libc.a(lib_a-findfp.o)
 .text.__fp_unlock
                0x00000000040204f4        0x8 c:/intelfpga_lite/18.1/nios2eds/bin/gnu/h-x86_64-mingw32/bin/../lib/gcc/nios2-elf/5.3.0/../../../../../H-x86_64-mingw32/nios2-elf/lib/mno-hw-mul\libc.a(lib_a-findfp.o)
 .text._cleanup_r
                0x00000000040204fc        0xc c:/intelfpga_lite/18.1/nios2eds/bin/gnu/h-x86_64-mingw32/bin/../lib/gcc/nios2-elf/5.3.0/../../../../../H-x86_64-mingw32/nios2-elf/lib/mno-hw-mul\libc.a(lib_a-findfp.o)
                0x00000000040204fc                _cleanup_r
 .text.__sinit.part.1
                0x0000000004020508      0x19c c:/intelfpga_lite/18.1/nios2eds/bin/gnu/h-x86_64-mingw32/bin/../lib/gcc/nios2-elf/5.3.0/../../../../../H-x86_64-mingw32/nios2-elf/lib/mno-hw-mul\libc.a(lib_a-findfp.o)
 .text.__fp_lock
                0x00000000040206a4        0x8 c:/intelfpga_lite/18.1/nios2eds/bin/gnu/h-x86_64-mingw32/bin/../lib/gcc/nios2-elf/5.3.0/../../../../../H-x86_64-mingw32/nios2-elf/lib/mno-hw-mul\libc.a(lib_a-findfp.o)
 .text.__sfmoreglue
                0x00000000040206ac       0x78 c:/intelfpga_lite/18.1/nios2eds/bin/gnu/h-x86_64-mingw32/bin/../lib/gcc/nios2-elf/5.3.0/../../../../../H-x86_64-mingw32/nios2-elf/lib/mno-hw-mul\libc.a(lib_a-findfp.o)
                0x00000000040206ac                __sfmoreglue
 .text.__sfp    0x0000000004020724      0x118 c:/intelfpga_lite/18.1/nios2eds/bin/gnu/h-x86_64-mingw32/bin/../lib/gcc/nios2-elf/5.3.0/../../../../../H-x86_64-mingw32/nios2-elf/lib/mno-hw-mul\libc.a(lib_a-findfp.o)
                0x0000000004020724                __sfp
 .text._cleanup
                0x000000000402083c       0x18 c:/intelfpga_lite/18.1/nios2eds/bin/gnu/h-x86_64-mingw32/bin/../lib/gcc/nios2-elf/5.3.0/../../../../../H-x86_64-mingw32/nios2-elf/lib/mno-hw-mul\libc.a(lib_a-findfp.o)
                0x000000000402083c                _cleanup
 .text.__sinit  0x0000000004020854       0x10 c:/intelfpga_lite/18.1/nios2eds/bin/gnu/h-x86_64-mingw32/bin/../lib/gcc/nios2-elf/5.3.0/../../../../../H-x86_64-mingw32/nios2-elf/lib/mno-hw-mul\libc.a(lib_a-findfp.o)
                0x0000000004020854                __sinit
 .text.__sfp_lock_acquire
                0x0000000004020864        0x4 c:/intelfpga_lite/18.1/nios2eds/bin/gnu/h-x86_64-mingw32/bin/../lib/gcc/nios2-elf/5.3.0/../../../../../H-x86_64-mingw32/nios2-elf/lib/mno-hw-mul\libc.a(lib_a-findfp.o)
                0x0000000004020864                __sfp_lock_acquire
 .text.__sfp_lock_release
                0x0000000004020868        0x4 c:/intelfpga_lite/18.1/nios2eds/bin/gnu/h-x86_64-mingw32/bin/../lib/gcc/nios2-elf/5.3.0/../../../../../H-x86_64-mingw32/nios2-elf/lib/mno-hw-mul\libc.a(lib_a-findfp.o)
                0x0000000004020868                __sfp_lock_release
 .text.__sinit_lock_acquire
                0x000000000402086c        0x4 c:/intelfpga_lite/18.1/nios2eds/bin/gnu/h-x86_64-mingw32/bin/../lib/gcc/nios2-elf/5.3.0/../../../../../H-x86_64-mingw32/nios2-elf/lib/mno-hw-mul\libc.a(lib_a-findfp.o)
                0x000000000402086c                __sinit_lock_acquire
 .text.__sinit_lock_release
                0x0000000004020870        0x4 c:/intelfpga_lite/18.1/nios2eds/bin/gnu/h-x86_64-mingw32/bin/../lib/gcc/nios2-elf/5.3.0/../../../../../H-x86_64-mingw32/nios2-elf/lib/mno-hw-mul\libc.a(lib_a-findfp.o)
                0x0000000004020870                __sinit_lock_release
 .text.__fp_lock_all
                0x0000000004020874       0x18 c:/intelfpga_lite/18.1/nios2eds/bin/gnu/h-x86_64-mingw32/bin/../lib/gcc/nios2-elf/5.3.0/../../../../../H-x86_64-mingw32/nios2-elf/lib/mno-hw-mul\libc.a(lib_a-findfp.o)
                0x0000000004020874                __fp_lock_all
 .text.__fp_unlock_all
                0x000000000402088c       0x18 c:/intelfpga_lite/18.1/nios2eds/bin/gnu/h-x86_64-mingw32/bin/../lib/gcc/nios2-elf/5.3.0/../../../../../H-x86_64-mingw32/nios2-elf/lib/mno-hw-mul\libc.a(lib_a-findfp.o)
                0x000000000402088c                __fp_unlock_all
 .text          0x00000000040208a4        0x0 c:/intelfpga_lite/18.1/nios2eds/bin/gnu/h-x86_64-mingw32/bin/../lib/gcc/nios2-elf/5.3.0/../../../../../H-x86_64-mingw32/nios2-elf/lib/mno-hw-mul\libc.a(lib_a-fvwrite.o)
 .text.__sfvwrite_r
                0x00000000040208a4      0x4c8 c:/intelfpga_lite/18.1/nios2eds/bin/gnu/h-x86_64-mingw32/bin/../lib/gcc/nios2-elf/5.3.0/../../../../../H-x86_64-mingw32/nios2-elf/lib/mno-hw-mul\libc.a(lib_a-fvwrite.o)
                0x00000000040208a4                __sfvwrite_r
 .text          0x0000000004020d6c        0x0 c:/intelfpga_lite/18.1/nios2eds/bin/gnu/h-x86_64-mingw32/bin/../lib/gcc/nios2-elf/5.3.0/../../../../../H-x86_64-mingw32/nios2-elf/lib/mno-hw-mul\libc.a(lib_a-fwalk.o)
 .text._fwalk   0x0000000004020d6c       0xc4 c:/intelfpga_lite/18.1/nios2eds/bin/gnu/h-x86_64-mingw32/bin/../lib/gcc/nios2-elf/5.3.0/../../../../../H-x86_64-mingw32/nios2-elf/lib/mno-hw-mul\libc.a(lib_a-fwalk.o)
                0x0000000004020d6c                _fwalk
 .text._fwalk_reent
                0x0000000004020e30       0xc4 c:/intelfpga_lite/18.1/nios2eds/bin/gnu/h-x86_64-mingw32/bin/../lib/gcc/nios2-elf/5.3.0/../../../../../H-x86_64-mingw32/nios2-elf/lib/mno-hw-mul\libc.a(lib_a-fwalk.o)
                0x0000000004020e30                _fwalk_reent
 .text          0x0000000004020ef4        0x0 c:/intelfpga_lite/18.1/nios2eds/bin/gnu/h-x86_64-mingw32/bin/../lib/gcc/nios2-elf/5.3.0/../../../../../H-x86_64-mingw32/nios2-elf/lib/mno-hw-mul\libc.a(lib_a-impure.o)
 .text          0x0000000004020ef4        0x0 c:/intelfpga_lite/18.1/nios2eds/bin/gnu/h-x86_64-mingw32/bin/../lib/gcc/nios2-elf/5.3.0/../../../../../H-x86_64-mingw32/nios2-elf/lib/mno-hw-mul\libc.a(lib_a-mallocr.o)
 .text._malloc_r
                0x0000000004020ef4      0x80c c:/intelfpga_lite/18.1/nios2eds/bin/gnu/h-x86_64-mingw32/bin/../lib/gcc/nios2-elf/5.3.0/../../../../../H-x86_64-mingw32/nios2-elf/lib/mno-hw-mul\libc.a(lib_a-mallocr.o)
                0x0000000004020ef4                _malloc_r
 .text          0x0000000004021700        0x0 c:/intelfpga_lite/18.1/nios2eds/bin/gnu/h-x86_64-mingw32/bin/../lib/gcc/nios2-elf/5.3.0/../../../../../H-x86_64-mingw32/nios2-elf/lib/mno-hw-mul\libc.a(lib_a-memchr.o)
 .text.memchr   0x0000000004021700       0xe4 c:/intelfpga_lite/18.1/nios2eds/bin/gnu/h-x86_64-mingw32/bin/../lib/gcc/nios2-elf/5.3.0/../../../../../H-x86_64-mingw32/nios2-elf/lib/mno-hw-mul\libc.a(lib_a-memchr.o)
                0x0000000004021700                memchr
 .text          0x00000000040217e4        0x0 c:/intelfpga_lite/18.1/nios2eds/bin/gnu/h-x86_64-mingw32/bin/../lib/gcc/nios2-elf/5.3.0/../../../../../H-x86_64-mingw32/nios2-elf/lib/mno-hw-mul\libc.a(lib_a-memcpy.o)
 .text.memcpy   0x00000000040217e4      0x148 c:/intelfpga_lite/18.1/nios2eds/bin/gnu/h-x86_64-mingw32/bin/../lib/gcc/nios2-elf/5.3.0/../../../../../H-x86_64-mingw32/nios2-elf/lib/mno-hw-mul\libc.a(lib_a-memcpy.o)
                0x00000000040217e4                memcpy
 .text          0x000000000402192c        0x0 c:/intelfpga_lite/18.1/nios2eds/bin/gnu/h-x86_64-mingw32/bin/../lib/gcc/nios2-elf/5.3.0/../../../../../H-x86_64-mingw32/nios2-elf/lib/mno-hw-mul\libc.a(lib_a-memmove.o)
 .text.memmove  0x000000000402192c      0x15c c:/intelfpga_lite/18.1/nios2eds/bin/gnu/h-x86_64-mingw32/bin/../lib/gcc/nios2-elf/5.3.0/../../../../../H-x86_64-mingw32/nios2-elf/lib/mno-hw-mul\libc.a(lib_a-memmove.o)
                0x000000000402192c                memmove
 .text          0x0000000004021a88        0x0 c:/intelfpga_lite/18.1/nios2eds/bin/gnu/h-x86_64-mingw32/bin/../lib/gcc/nios2-elf/5.3.0/../../../../../H-x86_64-mingw32/nios2-elf/lib/mno-hw-mul\libc.a(lib_a-memset.o)
 .text.memset   0x0000000004021a88      0x128 c:/intelfpga_lite/18.1/nios2eds/bin/gnu/h-x86_64-mingw32/bin/../lib/gcc/nios2-elf/5.3.0/../../../../../H-x86_64-mingw32/nios2-elf/lib/mno-hw-mul\libc.a(lib_a-memset.o)
                0x0000000004021a88                memset
 .text          0x0000000004021bb0        0x0 c:/intelfpga_lite/18.1/nios2eds/bin/gnu/h-x86_64-mingw32/bin/../lib/gcc/nios2-elf/5.3.0/../../../../../H-x86_64-mingw32/nios2-elf/lib/mno-hw-mul\libc.a(lib_a-reallocr.o)
 .text._realloc_r
                0x0000000004021bb0      0x564 c:/intelfpga_lite/18.1/nios2eds/bin/gnu/h-x86_64-mingw32/bin/../lib/gcc/nios2-elf/5.3.0/../../../../../H-x86_64-mingw32/nios2-elf/lib/mno-hw-mul\libc.a(lib_a-reallocr.o)
                0x0000000004021bb0                _realloc_r
 .text          0x0000000004022114        0x0 c:/intelfpga_lite/18.1/nios2eds/bin/gnu/h-x86_64-mingw32/bin/../lib/gcc/nios2-elf/5.3.0/../../../../../H-x86_64-mingw32/nios2-elf/lib/mno-hw-mul\libc.a(lib_a-sbrkr.o)
 .text._sbrk_r  0x0000000004022114       0x54 c:/intelfpga_lite/18.1/nios2eds/bin/gnu/h-x86_64-mingw32/bin/../lib/gcc/nios2-elf/5.3.0/../../../../../H-x86_64-mingw32/nios2-elf/lib/mno-hw-mul\libc.a(lib_a-sbrkr.o)
                0x0000000004022114                _sbrk_r
 .text          0x0000000004022168        0x0 c:/intelfpga_lite/18.1/nios2eds/bin/gnu/h-x86_64-mingw32/bin/../lib/gcc/nios2-elf/5.3.0/../../../../../H-x86_64-mingw32/nios2-elf/lib/mno-hw-mul\libc.a(lib_a-stdio.o)
 .text.__sread  0x0000000004022168       0x54 c:/intelfpga_lite/18.1/nios2eds/bin/gnu/h-x86_64-mingw32/bin/../lib/gcc/nios2-elf/5.3.0/../../../../../H-x86_64-mingw32/nios2-elf/lib/mno-hw-mul\libc.a(lib_a-stdio.o)
                0x0000000004022168                __sread
 .text.__seofread
                0x00000000040221bc        0x8 c:/intelfpga_lite/18.1/nios2eds/bin/gnu/h-x86_64-mingw32/bin/../lib/gcc/nios2-elf/5.3.0/../../../../../H-x86_64-mingw32/nios2-elf/lib/mno-hw-mul\libc.a(lib_a-stdio.o)
                0x00000000040221bc                __seofread
 .text.__swrite
                0x00000000040221c4       0x7c c:/intelfpga_lite/18.1/nios2eds/bin/gnu/h-x86_64-mingw32/bin/../lib/gcc/nios2-elf/5.3.0/../../../../../H-x86_64-mingw32/nios2-elf/lib/mno-hw-mul\libc.a(lib_a-stdio.o)
                0x00000000040221c4                __swrite
 .text.__sseek  0x0000000004022240       0x5c c:/intelfpga_lite/18.1/nios2eds/bin/gnu/h-x86_64-mingw32/bin/../lib/gcc/nios2-elf/5.3.0/../../../../../H-x86_64-mingw32/nios2-elf/lib/mno-hw-mul\libc.a(lib_a-stdio.o)
                0x0000000004022240                __sseek
 .text.__sclose
                0x000000000402229c        0x8 c:/intelfpga_lite/18.1/nios2eds/bin/gnu/h-x86_64-mingw32/bin/../lib/gcc/nios2-elf/5.3.0/../../../../../H-x86_64-mingw32/nios2-elf/lib/mno-hw-mul\libc.a(lib_a-stdio.o)
                0x000000000402229c                __sclose
 .text          0x00000000040222a4        0x0 c:/intelfpga_lite/18.1/nios2eds/bin/gnu/h-x86_64-mingw32/bin/../lib/gcc/nios2-elf/5.3.0/../../../../../H-x86_64-mingw32/nios2-elf/lib/mno-hw-mul\libc.a(lib_a-writer.o)
 .text._write_r
                0x00000000040222a4       0x60 c:/intelfpga_lite/18.1/nios2eds/bin/gnu/h-x86_64-mingw32/bin/../lib/gcc/nios2-elf/5.3.0/../../../../../H-x86_64-mingw32/nios2-elf/lib/mno-hw-mul\libc.a(lib_a-writer.o)
                0x00000000040222a4                _write_r
 .text          0x0000000004022304        0x0 c:/intelfpga_lite/18.1/nios2eds/bin/gnu/h-x86_64-mingw32/bin/../lib/gcc/nios2-elf/5.3.0/../../../../../H-x86_64-mingw32/nios2-elf/lib/mno-hw-mul\libc.a(lib_a-wsetup.o)
 .text.__swsetup_r
                0x0000000004022304      0x154 c:/intelfpga_lite/18.1/nios2eds/bin/gnu/h-x86_64-mingw32/bin/../lib/gcc/nios2-elf/5.3.0/../../../../../H-x86_64-mingw32/nios2-elf/lib/mno-hw-mul\libc.a(lib_a-wsetup.o)
                0x0000000004022304                __swsetup_r
 .text          0x0000000004022458        0x0 c:/intelfpga_lite/18.1/nios2eds/bin/gnu/h-x86_64-mingw32/bin/../lib/gcc/nios2-elf/5.3.0/../../../../../H-x86_64-mingw32/nios2-elf/lib/mno-hw-mul\libc.a(closer.o)
 .text._close_r
                0x0000000004022458       0x54 c:/intelfpga_lite/18.1/nios2eds/bin/gnu/h-x86_64-mingw32/bin/../lib/gcc/nios2-elf/5.3.0/../../../../../H-x86_64-mingw32/nios2-elf/lib/mno-hw-mul\libc.a(closer.o)
                0x0000000004022458                _close_r
 .text          0x00000000040224ac        0x0 c:/intelfpga_lite/18.1/nios2eds/bin/gnu/h-x86_64-mingw32/bin/../lib/gcc/nios2-elf/5.3.0/../../../../../H-x86_64-mingw32/nios2-elf/lib/mno-hw-mul\libc.a(lib_a-fclose.o)
 .text._fclose_r
                0x00000000040224ac       0xf0 c:/intelfpga_lite/18.1/nios2eds/bin/gnu/h-x86_64-mingw32/bin/../lib/gcc/nios2-elf/5.3.0/../../../../../H-x86_64-mingw32/nios2-elf/lib/mno-hw-mul\libc.a(lib_a-fclose.o)
                0x00000000040224ac                _fclose_r
 .text.fclose   0x000000000402259c       0x14 c:/intelfpga_lite/18.1/nios2eds/bin/gnu/h-x86_64-mingw32/bin/../lib/gcc/nios2-elf/5.3.0/../../../../../H-x86_64-mingw32/nios2-elf/lib/mno-hw-mul\libc.a(lib_a-fclose.o)
                0x000000000402259c                fclose
 .text          0x00000000040225b0        0x0 c:/intelfpga_lite/18.1/nios2eds/bin/gnu/h-x86_64-mingw32/bin/../lib/gcc/nios2-elf/5.3.0/../../../../../H-x86_64-mingw32/nios2-elf/lib/mno-hw-mul\libc.a(lib_a-fflush.o)
 .text.__sflush_r
                0x00000000040225b0      0x21c c:/intelfpga_lite/18.1/nios2eds/bin/gnu/h-x86_64-mingw32/bin/../lib/gcc/nios2-elf/5.3.0/../../../../../H-x86_64-mingw32/nios2-elf/lib/mno-hw-mul\libc.a(lib_a-fflush.o)
                0x00000000040225b0                __sflush_r
 .text._fflush_r
                0x00000000040227cc       0x5c c:/intelfpga_lite/18.1/nios2eds/bin/gnu/h-x86_64-mingw32/bin/../lib/gcc/nios2-elf/5.3.0/../../../../../H-x86_64-mingw32/nios2-elf/lib/mno-hw-mul\libc.a(lib_a-fflush.o)
                0x00000000040227cc                _fflush_r
 .text.fflush   0x0000000004022828       0x30 c:/intelfpga_lite/18.1/nios2eds/bin/gnu/h-x86_64-mingw32/bin/../lib/gcc/nios2-elf/5.3.0/../../../../../H-x86_64-mingw32/nios2-elf/lib/mno-hw-mul\libc.a(lib_a-fflush.o)
                0x0000000004022828                fflush
 .text          0x0000000004022858        0x0 c:/intelfpga_lite/18.1/nios2eds/bin/gnu/h-x86_64-mingw32/bin/../lib/gcc/nios2-elf/5.3.0/../../../../../H-x86_64-mingw32/nios2-elf/lib/mno-hw-mul\libc.a(lib_a-freer.o)
 .text._malloc_trim_r
                0x0000000004022858      0x124 c:/intelfpga_lite/18.1/nios2eds/bin/gnu/h-x86_64-mingw32/bin/../lib/gcc/nios2-elf/5.3.0/../../../../../H-x86_64-mingw32/nios2-elf/lib/mno-hw-mul\libc.a(lib_a-freer.o)
                0x0000000004022858                _malloc_trim_r
 .text._free_r  0x000000000402297c      0x310 c:/intelfpga_lite/18.1/nios2eds/bin/gnu/h-x86_64-mingw32/bin/../lib/gcc/nios2-elf/5.3.0/../../../../../H-x86_64-mingw32/nios2-elf/lib/mno-hw-mul\libc.a(lib_a-freer.o)
                0x000000000402297c                _free_r
 .text          0x0000000004022c8c        0x0 c:/intelfpga_lite/18.1/nios2eds/bin/gnu/h-x86_64-mingw32/bin/../lib/gcc/nios2-elf/5.3.0/../../../../../H-x86_64-mingw32/nios2-elf/lib/mno-hw-mul\libc.a(lib_a-int_errno.o)
 .text          0x0000000004022c8c        0x0 c:/intelfpga_lite/18.1/nios2eds/bin/gnu/h-x86_64-mingw32/bin/../lib/gcc/nios2-elf/5.3.0/../../../../../H-x86_64-mingw32/nios2-elf/lib/mno-hw-mul\libc.a(lib_a-lseekr.o)
 .text._lseek_r
                0x0000000004022c8c       0x60 c:/intelfpga_lite/18.1/nios2eds/bin/gnu/h-x86_64-mingw32/bin/../lib/gcc/nios2-elf/5.3.0/../../../../../H-x86_64-mingw32/nios2-elf/lib/mno-hw-mul\libc.a(lib_a-lseekr.o)
                0x0000000004022c8c                _lseek_r
 .text          0x0000000004022cec        0x0 c:/intelfpga_lite/18.1/nios2eds/bin/gnu/h-x86_64-mingw32/bin/../lib/gcc/nios2-elf/5.3.0/../../../../../H-x86_64-mingw32/nios2-elf/lib/mno-hw-mul\libc.a(lib_a-makebuf.o)
 .text.__smakebuf_r
                0x0000000004022cec      0x1bc c:/intelfpga_lite/18.1/nios2eds/bin/gnu/h-x86_64-mingw32/bin/../lib/gcc/nios2-elf/5.3.0/../../../../../H-x86_64-mingw32/nios2-elf/lib/mno-hw-mul\libc.a(lib_a-makebuf.o)
                0x0000000004022cec                __smakebuf_r
 .text          0x0000000004022ea8        0x0 c:/intelfpga_lite/18.1/nios2eds/bin/gnu/h-x86_64-mingw32/bin/../lib/gcc/nios2-elf/5.3.0/../../../../../H-x86_64-mingw32/nios2-elf/lib/mno-hw-mul\libc.a(lib_a-readr.o)
 .text._read_r  0x0000000004022ea8       0x60 c:/intelfpga_lite/18.1/nios2eds/bin/gnu/h-x86_64-mingw32/bin/../lib/gcc/nios2-elf/5.3.0/../../../../../H-x86_64-mingw32/nios2-elf/lib/mno-hw-mul\libc.a(lib_a-readr.o)
                0x0000000004022ea8                _read_r
 .text          0x0000000004022f08        0x0 c:/intelfpga_lite/18.1/nios2eds/bin/gnu/h-x86_64-mingw32/bin/../lib/gcc/nios2-elf/5.3.0/../../../../../H-x86_64-mingw32/nios2-elf/lib/mno-hw-mul\libc.a(lib_a-fstatr.o)
 .text._fstat_r
                0x0000000004022f08       0x5c c:/intelfpga_lite/18.1/nios2eds/bin/gnu/h-x86_64-mingw32/bin/../lib/gcc/nios2-elf/5.3.0/../../../../../H-x86_64-mingw32/nios2-elf/lib/mno-hw-mul\libc.a(lib_a-fstatr.o)
                0x0000000004022f08                _fstat_r
 .text          0x0000000004022f64        0x0 c:/intelfpga_lite/18.1/nios2eds/bin/gnu/h-x86_64-mingw32/bin/../lib/gcc/nios2-elf/5.3.0/../../../../../H-x86_64-mingw32/nios2-elf/lib/mno-hw-mul\libc.a(lib_a-isattyr.o)
 .text._isatty_r
                0x0000000004022f64       0x54 c:/intelfpga_lite/18.1/nios2eds/bin/gnu/h-x86_64-mingw32/bin/../lib/gcc/nios2-elf/5.3.0/../../../../../H-x86_64-mingw32/nios2-elf/lib/mno-hw-mul\libc.a(lib_a-isattyr.o)
                0x0000000004022f64                _isatty_r
 .text          0x0000000004022fb8      0x1b4 c:/intelfpga_lite/18.1/nios2eds/bin/gnu/h-x86_64-mingw32/bin/../lib/gcc/nios2-elf/5.3.0/mno-hw-mul\libgcc.a(lib2-divmod.o)
                0x0000000004022fb8                __divsi3
                0x000000000402303c                __modsi3
                0x00000000040230b0                __udivsi3
                0x0000000004023114                __umodsi3
 .text          0x000000000402316c       0x28 c:/intelfpga_lite/18.1/nios2eds/bin/gnu/h-x86_64-mingw32/bin/../lib/gcc/nios2-elf/5.3.0/mno-hw-mul\libgcc.a(lib2-mul.o)
                0x000000000402316c                __mulsi3
 .text          0x0000000004023194      0x114 ../DE10_LITE_Nios_bsp/\libucosii_bsp.a(alt_close.o)
                0x00000000040231d0                close
 .text          0x00000000040232a8       0x2c ../DE10_LITE_Nios_bsp/\libucosii_bsp.a(alt_dev.o)
 .text          0x00000000040232d4        0x0 ../DE10_LITE_Nios_bsp/\libucosii_bsp.a(alt_errno.o)
 .text          0x00000000040232d4       0xf4 ../DE10_LITE_Nios_bsp/\libucosii_bsp.a(alt_fstat.o)
                0x0000000004023310                fstat
 .text          0x00000000040233c8       0xe8 ../DE10_LITE_Nios_bsp/\libucosii_bsp.a(alt_isatty.o)
                0x0000000004023404                isatty
 .text          0x00000000040234b0       0xec ../DE10_LITE_Nios_bsp/\libucosii_bsp.a(alt_load.o)
                0x0000000004023518                alt_load
 .text          0x000000000402359c      0x118 ../DE10_LITE_Nios_bsp/\libucosii_bsp.a(alt_lseek.o)
                0x00000000040235d8                lseek
 .text          0x00000000040236b4       0xbc ../DE10_LITE_Nios_bsp/\libucosii_bsp.a(alt_main.o)
                0x00000000040236b4                alt_main
 .text          0x0000000004023770      0x140 ../DE10_LITE_Nios_bsp/\libucosii_bsp.a(alt_read.o)
                0x00000000040237ac                read
 .text          0x00000000040238b0       0x84 ../DE10_LITE_Nios_bsp/\libucosii_bsp.a(alt_release_fd.o)
                0x00000000040238b0                alt_release_fd
 .text          0x0000000004023934       0xb0 ../DE10_LITE_Nios_bsp/\libucosii_bsp.a(alt_sbrk.o)
                0x0000000004023934                sbrk
 .text          0x00000000040239e4      0x13c ../DE10_LITE_Nios_bsp/\libucosii_bsp.a(alt_write.o)
                0x0000000004023a20                write
 .text          0x0000000004023b20      0x124 ../DE10_LITE_Nios_bsp/\libucosii_bsp.a(alt_env_lock.o)
                0x0000000004023b20                __env_lock
                0x0000000004023be4                __env_unlock
 .text          0x0000000004023c44      0x1ec ../DE10_LITE_Nios_bsp/\libucosii_bsp.a(alt_malloc_lock.o)
                0x0000000004023c44                __malloc_lock
                0x0000000004023d64                __malloc_unlock
 .text          0x0000000004023e30     0x2014 ../DE10_LITE_Nios_bsp/\libucosii_bsp.a(os_core.o)
                0x0000000004023e30                OSEventNameGet
                0x0000000004023f50                OSEventNameSet
                0x0000000004024090                OSEventPendMulti
                0x00000000040246a0                OSInit
                0x00000000040246f8                OSIntEnter
                0x0000000004024744                OSIntExit
                0x000000000402483c                OSSchedLock
                0x00000000040248c8                OSSchedUnlock
                0x00000000040249a4                OSStart
                0x0000000004024a14                OSStatInit
                0x0000000004024ac4                OSTimeTick
                0x0000000004024ce4                OSVersion
                0x0000000004024d04                OS_Dummy
                0x0000000004024d24                OS_EventTaskRdy
                0x0000000004024ebc                OS_EventTaskWait
                0x0000000004024fcc                OS_EventTaskWaitMulti
                0x000000000402511c                OS_EventTaskRemove
                0x00000000040251d4                OS_EventTaskRemoveMulti
                0x00000000040252d4                OS_EventWaitListInit
                0x00000000040256b4                OS_MemClr
                0x0000000004025708                OS_MemCopy
                0x0000000004025770                OS_Sched
                0x00000000040258b4                OS_StrCopy
                0x0000000004025928                OS_StrLen
                0x000000000402597c                OS_TaskIdle
                0x00000000040259d8                OS_TaskStat
                0x0000000004025aa4                OS_TaskStatStkChk
                0x0000000004025b70                OS_TCBInit
 .text          0x0000000004025e44      0x190 ../DE10_LITE_Nios_bsp/\libucosii_bsp.a(os_dbg.o)
                0x0000000004025e44                OSDebugInit
 .text          0x0000000004025fd4     0x1714 ../DE10_LITE_Nios_bsp/\libucosii_bsp.a(os_flag.o)
                0x0000000004025fd4                OSFlagAccept
                0x00000000040262dc                OSFlagCreate
                0x00000000040263e4                OSFlagDel
                0x000000000402662c                OSFlagNameGet
                0x0000000004026754                OSFlagNameSet
                0x00000000040268a0                OSFlagPend
                0x0000000004026e58                OSFlagPendGetFlagsRdy
                0x0000000004026eb8                OSFlagPost
                0x000000000402724c                OSFlagQuery
                0x0000000004027470                OS_FlagInit
                0x0000000004027644                OS_FlagUnlink
 .text          0x00000000040276e8      0x760 ../DE10_LITE_Nios_bsp/\libucosii_bsp.a(os_mem.o)
                0x00000000040276e8                OSMemCreate
                0x00000000040278bc                OSMemGet
                0x00000000040279ac                OSMemNameGet
                0x0000000004027a9c                OSMemNameSet
                0x0000000004027bb0                OSMemPut
                0x0000000004027c88                OSMemQuery
                0x0000000004027d70                OS_MemInit
 .text          0x0000000004027e48     0x1104 ../DE10_LITE_Nios_bsp/\libucosii_bsp.a(os_q.o)
                0x0000000004027e48                OSQAccept
                0x0000000004027f88                OSQCreate
                0x0000000004028134                OSQDel
                0x00000000040283b4                OSQFlush
                0x000000000402846c                OSQPend
                0x00000000040286f8                OSQPendAbort
                0x0000000004028864                OSQPost
                0x00000000040289cc                OSQPostFront
                0x0000000004028b3c                OSQPostOpt
                0x0000000004028d48                OSQQuery
                0x0000000004028ea4                OS_QInit
 .text          0x0000000004028f4c      0xa60 ../DE10_LITE_Nios_bsp/\libucosii_bsp.a(os_sem.o)
                0x0000000004028f4c                OSSemAccept
                0x0000000004028ffc                OSSemCreate
                0x00000000040290d4                OSSemDel
                0x0000000004029314                OSSemPend
                0x0000000004029520                OSSemPendAbort
                0x000000000402968c                OSSemPost
                0x000000000402979c                OSSemQuery
                0x00000000040298ac                OSSemSet
 .text          0x00000000040299ac     0x176c ../DE10_LITE_Nios_bsp/\libucosii_bsp.a(os_task.o)
                0x00000000040299ac                OSTaskChangePrio
                0x0000000004029e9c                OSTaskCreate
                0x000000000402a048                OSTaskCreateExt
                0x000000000402a22c                OSTaskDel
                0x000000000402a570                OSTaskDelReq
                0x000000000402a6c0                OSTaskNameGet
                0x000000000402a858                OSTaskNameSet
                0x000000000402aa0c                OSTaskResume
                0x000000000402abe0                OSTaskStkChk
                0x000000000402ada0                OSTaskSuspend
                0x000000000402af84                OSTaskQuery
                0x000000000402b0a8                OS_TaskStkClr
 .text          0x000000000402b118      0x510 ../DE10_LITE_Nios_bsp/\libucosii_bsp.a(os_time.o)
                0x000000000402b118                OSTimeDly
                0x000000000402b21c                OSTimeDlyHMSM
                0x000000000402b398                OSTimeDlyResume
                0x000000000402b56c                OSTimeGet
                0x000000000402b5c8                OSTimeSet
 .text          0x000000000402b628       0xd0 ../DE10_LITE_Nios_bsp/\libucosii_bsp.a(alt_sys_init.o)
                0x000000000402b65c                alt_irq_init
                0x000000000402b694                alt_sys_init
 .text          0x000000000402b6f8      0x164 ../DE10_LITE_Nios_bsp/\libucosii_bsp.a(altera_avalon_jtag_uart_fd.o)
                0x000000000402b6f8                altera_avalon_jtag_uart_read_fd
                0x000000000402b758                altera_avalon_jtag_uart_write_fd
                0x000000000402b7b8                altera_avalon_jtag_uart_close_fd
                0x000000000402b808                altera_avalon_jtag_uart_ioctl_fd
 .text          0x000000000402b85c      0x558 ../DE10_LITE_Nios_bsp/\libucosii_bsp.a(altera_avalon_jtag_uart_init.o)
                0x000000000402b85c                altera_avalon_jtag_uart_init
                0x000000000402bd4c                altera_avalon_jtag_uart_close
 .text          0x000000000402bdb4       0xf0 ../DE10_LITE_Nios_bsp/\libucosii_bsp.a(altera_avalon_jtag_uart_ioctl.o)
                0x000000000402bdb4                altera_avalon_jtag_uart_ioctl
 .text          0x000000000402bea4      0x2bc ../DE10_LITE_Nios_bsp/\libucosii_bsp.a(altera_avalon_jtag_uart_read.o)
                0x000000000402bea4                altera_avalon_jtag_uart_read
 .text          0x000000000402c160      0x2c4 ../DE10_LITE_Nios_bsp/\libucosii_bsp.a(altera_avalon_jtag_uart_write.o)
                0x000000000402c160                altera_avalon_jtag_uart_write
 .text          0x000000000402c424       0xf4 ../DE10_LITE_Nios_bsp/\libucosii_bsp.a(altera_avalon_timer_sc.o)
                0x000000000402c49c                alt_avalon_timer_sc_init
 .text          0x000000000402c518      0x12c ../DE10_LITE_Nios_bsp/\libucosii_bsp.a(alt_alarm_start.o)
                0x000000000402c518                alt_alarm_start
 .text          0x000000000402c644       0x20 ../DE10_LITE_Nios_bsp/\libucosii_bsp.a(alt_dcache_flush_all.o)
                0x000000000402c644                alt_dcache_flush_all
 .text          0x000000000402c664       0xe0 ../DE10_LITE_Nios_bsp/\libucosii_bsp.a(alt_dev_llist_insert.o)
                0x000000000402c6a0                alt_dev_llist_insert
 .text          0x000000000402c744       0x60 ../DE10_LITE_Nios_bsp/\libucosii_bsp.a(alt_do_ctors.o)
                0x000000000402c744                _do_ctors
 .text          0x000000000402c7a4       0x60 ../DE10_LITE_Nios_bsp/\libucosii_bsp.a(alt_do_dtors.o)
                0x000000000402c7a4                _do_dtors
 .text          0x000000000402c804       0x20 ../DE10_LITE_Nios_bsp/\libucosii_bsp.a(alt_icache_flush_all.o)
                0x000000000402c804                alt_icache_flush_all
 .text          0x000000000402c824      0x1b0 ../DE10_LITE_Nios_bsp/\libucosii_bsp.a(alt_iic.o)
                0x000000000402c824                alt_ic_isr_register
                0x000000000402c874                alt_ic_irq_enable
                0x000000000402c8fc                alt_ic_irq_disable
                0x000000000402c988                alt_ic_irq_enabled
 .text          0x000000000402c9d4       0xf0 ../DE10_LITE_Nios_bsp/\libucosii_bsp.a(alt_iic_isr_register.o)
                0x000000000402c9d4                alt_iic_isr_register
 .text          0x000000000402cac4      0x160 ../DE10_LITE_Nios_bsp/\libucosii_bsp.a(alt_io_redirect.o)
                0x000000000402cba8                alt_io_redirect
 .text          0x000000000402cc24        0x0 ../DE10_LITE_Nios_bsp/\libucosii_bsp.a(alt_irq_entry.o)
 .text          0x000000000402cc24        0x0 ../DE10_LITE_Nios_bsp/\libucosii_bsp.a(alt_irq_handler.o)
 .text          0x000000000402cc24        0x0 ../DE10_LITE_Nios_bsp/\libucosii_bsp.a(alt_irq_vars.o)
 .text          0x000000000402cc24      0x284 ../DE10_LITE_Nios_bsp/\libucosii_bsp.a(alt_open.o)
                0x000000000402cd4c                open
 .text          0x000000000402cea8      0x1a4 ../DE10_LITE_Nios_bsp/\libucosii_bsp.a(alt_tick.o)
                0x000000000402cea8                alt_alarm_stop
                0x000000000402cf44                alt_tick
 .text          0x000000000402d04c       0x24 ../DE10_LITE_Nios_bsp/\libucosii_bsp.a(altera_nios2_gen2_irq.o)
                0x000000000402d04c                altera_nios2_gen2_irq_init
 .text          0x000000000402d070       0xd0 ../DE10_LITE_Nios_bsp/\libucosii_bsp.a(os_cpu_a.o)
                0x000000000402d070                OSCtxSw
                0x000000000402d070                OSIntCtxSw
                0x000000000402d0fc                OSStartHighRdy
                0x000000000402d11c                OSStartTsk
 .text          0x000000000402d140      0x288 ../DE10_LITE_Nios_bsp/\libucosii_bsp.a(os_cpu_c.o)
                0x000000000402d140                OSTaskStkInit
                0x000000000402d29c                OSTaskCreateHook
                0x000000000402d2c0                OSTaskDelHook
                0x000000000402d2e4                OSTaskSwHook
                0x000000000402d304                OSTaskStatHook
                0x000000000402d324                OSTimeTickHook
                0x000000000402d344                OSInitHookBegin
                0x000000000402d364                OSInitHookEnd
                0x000000000402d384                OSTaskIdleHook
                0x000000000402d3a4                OSTCBInitHook
 .text          0x000000000402d3c8        0x0 ../DE10_LITE_Nios_bsp/\libucosii_bsp.a(alt_exception_entry.o)
 .text          0x000000000402d3c8       0x90 ../DE10_LITE_Nios_bsp/\libucosii_bsp.a(alt_find_dev.o)
                0x000000000402d3c8                alt_find_dev
 .text          0x000000000402d458      0x108 ../DE10_LITE_Nios_bsp/\libucosii_bsp.a(alt_find_file.o)
                0x000000000402d458                alt_find_file
 .text          0x000000000402d560       0xf4 ../DE10_LITE_Nios_bsp/\libucosii_bsp.a(alt_get_fd.o)
                0x000000000402d560                alt_get_fd
 .text          0x000000000402d654       0x9c ../DE10_LITE_Nios_bsp/\libucosii_bsp.a(alt_instruction_exception_entry.o)
                0x000000000402d654                alt_exception_cause_generated_bad_addr
 .text          0x000000000402d6f0        0x0 c:/intelfpga_lite/18.1/nios2eds/bin/gnu/h-x86_64-mingw32/bin/../lib/gcc/nios2-elf/5.3.0/../../../../../H-x86_64-mingw32/nios2-elf/lib/mno-hw-mul\libc.a(lib_a-atexit.o)
 .text.atexit   0x000000000402d6f0       0x14 c:/intelfpga_lite/18.1/nios2eds/bin/gnu/h-x86_64-mingw32/bin/../lib/gcc/nios2-elf/5.3.0/../../../../../H-x86_64-mingw32/nios2-elf/lib/mno-hw-mul\libc.a(lib_a-atexit.o)
                0x000000000402d6f0                atexit
 .text          0x000000000402d704        0x0 c:/intelfpga_lite/18.1/nios2eds/bin/gnu/h-x86_64-mingw32/bin/../lib/gcc/nios2-elf/5.3.0/../../../../../H-x86_64-mingw32/nios2-elf/lib/mno-hw-mul\libc.a(lib_a-exit.o)
 .text.exit     0x000000000402d704       0x38 c:/intelfpga_lite/18.1/nios2eds/bin/gnu/h-x86_64-mingw32/bin/../lib/gcc/nios2-elf/5.3.0/../../../../../H-x86_64-mingw32/nios2-elf/lib/mno-hw-mul\libc.a(lib_a-exit.o)
                0x000000000402d704                exit
 .text          0x000000000402d73c        0x0 c:/intelfpga_lite/18.1/nios2eds/bin/gnu/h-x86_64-mingw32/bin/../lib/gcc/nios2-elf/5.3.0/../../../../../H-x86_64-mingw32/nios2-elf/lib/mno-hw-mul\libc.a(lib_a-memcmp.o)
 .text.memcmp   0x000000000402d73c       0x7c c:/intelfpga_lite/18.1/nios2eds/bin/gnu/h-x86_64-mingw32/bin/../lib/gcc/nios2-elf/5.3.0/../../../../../H-x86_64-mingw32/nios2-elf/lib/mno-hw-mul\libc.a(lib_a-memcmp.o)
                0x000000000402d73c                memcmp
 .text          0x000000000402d7b8        0x0 c:/intelfpga_lite/18.1/nios2eds/bin/gnu/h-x86_64-mingw32/bin/../lib/gcc/nios2-elf/5.3.0/../../../../../H-x86_64-mingw32/nios2-elf/lib/mno-hw-mul\libc.a(lib_a-__atexit.o)
 .text.__register_exitproc
                0x000000000402d7b8      0x118 c:/intelfpga_lite/18.1/nios2eds/bin/gnu/h-x86_64-mingw32/bin/../lib/gcc/nios2-elf/5.3.0/../../../../../H-x86_64-mingw32/nios2-elf/lib/mno-hw-mul\libc.a(lib_a-__atexit.o)
                0x000000000402d7b8                __register_exitproc
 .text          0x000000000402d8d0        0x0 c:/intelfpga_lite/18.1/nios2eds/bin/gnu/h-x86_64-mingw32/bin/../lib/gcc/nios2-elf/5.3.0/../../../../../H-x86_64-mingw32/nios2-elf/lib/mno-hw-mul\libc.a(lib_a-__call_atexit.o)
 .text.__call_exitprocs
                0x000000000402d8d0      0x180 c:/intelfpga_lite/18.1/nios2eds/bin/gnu/h-x86_64-mingw32/bin/../lib/gcc/nios2-elf/5.3.0/../../../../../H-x86_64-mingw32/nios2-elf/lib/mno-hw-mul\libc.a(lib_a-__call_atexit.o)
                0x000000000402d8d0                __call_exitprocs
 .text          0x000000000402da50       0x34 ../DE10_LITE_Nios_bsp/\libucosii_bsp.a(alt_exit.o)
                0x000000000402da50                _exit
 *(.gnu.warning.*)
 *(.fini)
                [!provide]                        PROVIDE (__etext, ABSOLUTE (.))
                [!provide]                        PROVIDE (_etext, ABSOLUTE (.))
                [!provide]                        PROVIDE (etext, ABSOLUTE (.))
 *(.eh_frame_hdr)
                0x000000000402da84                . = ALIGN (0x4)
                [!provide]                        PROVIDE (__preinit_array_start, ABSOLUTE (.))
 *(.preinit_array)
                [!provide]                        PROVIDE (__preinit_array_end, ABSOLUTE (.))
                [!provide]                        PROVIDE (__init_array_start, ABSOLUTE (.))
 *(.init_array)
                [!provide]                        PROVIDE (__init_array_end, ABSOLUTE (.))
                [!provide]                        PROVIDE (__fini_array_start, ABSOLUTE (.))
 *(.fini_array)
                [!provide]                        PROVIDE (__fini_array_end, ABSOLUTE (.))
 *(.eh_frame)
 *(.gcc_except_table .gcc_except_table.*)
 *(.dynamic)
                0x000000000402da84                PROVIDE (__CTOR_LIST__, ABSOLUTE (.))
 *(.ctors)
 *(SORT(.ctors.*))
                0x000000000402da84                PROVIDE (__CTOR_END__, ABSOLUTE (.))
                0x000000000402da84                PROVIDE (__DTOR_LIST__, ABSOLUTE (.))
 *(.dtors)
 *(SORT(.dtors.*))
                0x000000000402da84                PROVIDE (__DTOR_END__, ABSOLUTE (.))
 *(.jcr)
                0x000000000402da84                . = ALIGN (0x4)

.rodata         0x0000000000000000      0x180 load address 0x000000000402da84
                0x0000000000000000                PROVIDE (__ram_rodata_start, ABSOLUTE (.))
                0x0000000000000000                . = ALIGN (0x4)
 *(.rodata .rodata.* .gnu.linkonce.r.*)
 .rodata        0x0000000000000000       0x25 obj/default/hello_ucosii.o
 *fill*         0x0000000000000025        0x3 
 .rodata.str1.4
                0x0000000000000028        0x2 c:/intelfpga_lite/18.1/nios2eds/bin/gnu/h-x86_64-mingw32/bin/../lib/gcc/nios2-elf/5.3.0/../../../../../H-x86_64-mingw32/nios2-elf/lib/mno-hw-mul\libc.a(lib_a-puts.o)
 *fill*         0x000000000000002a        0x2 
 .rodata.str1.4
                0x000000000000002c        0x4 c:/intelfpga_lite/18.1/nios2eds/bin/gnu/h-x86_64-mingw32/bin/../lib/gcc/nios2-elf/5.3.0/../../../../../H-x86_64-mingw32/nios2-elf/lib/mno-hw-mul\libc.a(lib_a-impure.o)
                                          0x2 (size before relaxing)
 .rodata        0x0000000000000030        0xa ../DE10_LITE_Nios_bsp/\libucosii_bsp.a(alt_dev.o)
 *fill*         0x000000000000003a        0x2 
 .rodata        0x000000000000003c        0xf ../DE10_LITE_Nios_bsp/\libucosii_bsp.a(alt_main.o)
 *fill*         0x000000000000004b        0x1 
 .rodata        0x000000000000004c      0x11e ../DE10_LITE_Nios_bsp/\libucosii_bsp.a(os_core.o)
                0x000000000000004c                OSUnMapTbl
 *fill*         0x000000000000016a        0x2 
 .rodata        0x000000000000016c        0xf ../DE10_LITE_Nios_bsp/\libucosii_bsp.a(alt_sys_init.o)
 *fill*         0x000000000000017b        0x1 
 .rodata        0x000000000000017c        0x2 ../DE10_LITE_Nios_bsp/\libucosii_bsp.a(os_cpu_c.o)
 *(.rodata1)
                0x0000000000000180                . = ALIGN (0x4)
 *fill*         0x000000000000017e        0x2 
                0x0000000000000180                PROVIDE (__ram_rodata_end, ABSOLUTE (.))
                0x000000000402da84                PROVIDE (__flash_rodata_start, LOADADDR (.rodata))

.rwdata         0x0000000000000180     0x1af4 load address 0x000000000402dc04
                0x0000000000000180                PROVIDE (__ram_rwdata_start, ABSOLUTE (.))
                0x0000000000000180                . = ALIGN (0x4)
 *(.got.plt)
 *(.got)
 *(.data1)
 *(.data .data.* .gnu.linkonce.d.*)
 .data          0x0000000000000180        0x0 ../DE10_LITE_Nios_bsp//obj/HAL/src/crt0.o
 .data          0x0000000000000180        0x0 obj/default/hello_ucosii.o
 .data          0x0000000000000180        0x0 c:/intelfpga_lite/18.1/nios2eds/bin/gnu/h-x86_64-mingw32/bin/../lib/gcc/nios2-elf/5.3.0/../../../../../H-x86_64-mingw32/nios2-elf/lib/mno-hw-mul\libc.a(lib_a-puts.o)
 .data          0x0000000000000180        0x0 c:/intelfpga_lite/18.1/nios2eds/bin/gnu/h-x86_64-mingw32/bin/../lib/gcc/nios2-elf/5.3.0/../../../../../H-x86_64-mingw32/nios2-elf/lib/mno-hw-mul\libc.a(lib_a-strlen.o)
 .data          0x0000000000000180        0x0 c:/intelfpga_lite/18.1/nios2eds/bin/gnu/h-x86_64-mingw32/bin/../lib/gcc/nios2-elf/5.3.0/../../../../../H-x86_64-mingw32/nios2-elf/lib/mno-hw-mul\libc.a(lib_a-findfp.o)
 .data          0x0000000000000180        0x0 c:/intelfpga_lite/18.1/nios2eds/bin/gnu/h-x86_64-mingw32/bin/../lib/gcc/nios2-elf/5.3.0/../../../../../H-x86_64-mingw32/nios2-elf/lib/mno-hw-mul\libc.a(lib_a-fvwrite.o)
 .data          0x0000000000000180        0x0 c:/intelfpga_lite/18.1/nios2eds/bin/gnu/h-x86_64-mingw32/bin/../lib/gcc/nios2-elf/5.3.0/../../../../../H-x86_64-mingw32/nios2-elf/lib/mno-hw-mul\libc.a(lib_a-fwalk.o)
 .data          0x0000000000000180        0x0 c:/intelfpga_lite/18.1/nios2eds/bin/gnu/h-x86_64-mingw32/bin/../lib/gcc/nios2-elf/5.3.0/../../../../../H-x86_64-mingw32/nios2-elf/lib/mno-hw-mul\libc.a(lib_a-impure.o)
 .data.impure_data
                0x0000000000000180      0x424 c:/intelfpga_lite/18.1/nios2eds/bin/gnu/h-x86_64-mingw32/bin/../lib/gcc/nios2-elf/5.3.0/../../../../../H-x86_64-mingw32/nios2-elf/lib/mno-hw-mul\libc.a(lib_a-impure.o)
 .data          0x00000000000005a4        0x0 c:/intelfpga_lite/18.1/nios2eds/bin/gnu/h-x86_64-mingw32/bin/../lib/gcc/nios2-elf/5.3.0/../../../../../H-x86_64-mingw32/nios2-elf/lib/mno-hw-mul\libc.a(lib_a-mallocr.o)
 .data.__malloc_av_
                0x00000000000005a4      0x408 c:/intelfpga_lite/18.1/nios2eds/bin/gnu/h-x86_64-mingw32/bin/../lib/gcc/nios2-elf/5.3.0/../../../../../H-x86_64-mingw32/nios2-elf/lib/mno-hw-mul\libc.a(lib_a-mallocr.o)
                0x00000000000005a4                __malloc_av_
 .data          0x00000000000009ac        0x0 c:/intelfpga_lite/18.1/nios2eds/bin/gnu/h-x86_64-mingw32/bin/../lib/gcc/nios2-elf/5.3.0/../../../../../H-x86_64-mingw32/nios2-elf/lib/mno-hw-mul\libc.a(lib_a-memchr.o)
 .data          0x00000000000009ac        0x0 c:/intelfpga_lite/18.1/nios2eds/bin/gnu/h-x86_64-mingw32/bin/../lib/gcc/nios2-elf/5.3.0/../../../../../H-x86_64-mingw32/nios2-elf/lib/mno-hw-mul\libc.a(lib_a-memcpy.o)
 .data          0x00000000000009ac        0x0 c:/intelfpga_lite/18.1/nios2eds/bin/gnu/h-x86_64-mingw32/bin/../lib/gcc/nios2-elf/5.3.0/../../../../../H-x86_64-mingw32/nios2-elf/lib/mno-hw-mul\libc.a(lib_a-memmove.o)
 .data          0x00000000000009ac        0x0 c:/intelfpga_lite/18.1/nios2eds/bin/gnu/h-x86_64-mingw32/bin/../lib/gcc/nios2-elf/5.3.0/../../../../../H-x86_64-mingw32/nios2-elf/lib/mno-hw-mul\libc.a(lib_a-memset.o)
 .data          0x00000000000009ac        0x0 c:/intelfpga_lite/18.1/nios2eds/bin/gnu/h-x86_64-mingw32/bin/../lib/gcc/nios2-elf/5.3.0/../../../../../H-x86_64-mingw32/nios2-elf/lib/mno-hw-mul\libc.a(lib_a-reallocr.o)
 .data          0x00000000000009ac        0x0 c:/intelfpga_lite/18.1/nios2eds/bin/gnu/h-x86_64-mingw32/bin/../lib/gcc/nios2-elf/5.3.0/../../../../../H-x86_64-mingw32/nios2-elf/lib/mno-hw-mul\libc.a(lib_a-sbrkr.o)
 .data          0x00000000000009ac        0x0 c:/intelfpga_lite/18.1/nios2eds/bin/gnu/h-x86_64-mingw32/bin/../lib/gcc/nios2-elf/5.3.0/../../../../../H-x86_64-mingw32/nios2-elf/lib/mno-hw-mul\libc.a(lib_a-stdio.o)
 .data          0x00000000000009ac        0x0 c:/intelfpga_lite/18.1/nios2eds/bin/gnu/h-x86_64-mingw32/bin/../lib/gcc/nios2-elf/5.3.0/../../../../../H-x86_64-mingw32/nios2-elf/lib/mno-hw-mul\libc.a(lib_a-writer.o)
 .data          0x00000000000009ac        0x0 c:/intelfpga_lite/18.1/nios2eds/bin/gnu/h-x86_64-mingw32/bin/../lib/gcc/nios2-elf/5.3.0/../../../../../H-x86_64-mingw32/nios2-elf/lib/mno-hw-mul\libc.a(lib_a-wsetup.o)
 .data          0x00000000000009ac        0x0 c:/intelfpga_lite/18.1/nios2eds/bin/gnu/h-x86_64-mingw32/bin/../lib/gcc/nios2-elf/5.3.0/../../../../../H-x86_64-mingw32/nios2-elf/lib/mno-hw-mul\libc.a(closer.o)
 .data          0x00000000000009ac        0x0 c:/intelfpga_lite/18.1/nios2eds/bin/gnu/h-x86_64-mingw32/bin/../lib/gcc/nios2-elf/5.3.0/../../../../../H-x86_64-mingw32/nios2-elf/lib/mno-hw-mul\libc.a(lib_a-fclose.o)
 .data          0x00000000000009ac        0x0 c:/intelfpga_lite/18.1/nios2eds/bin/gnu/h-x86_64-mingw32/bin/../lib/gcc/nios2-elf/5.3.0/../../../../../H-x86_64-mingw32/nios2-elf/lib/mno-hw-mul\libc.a(lib_a-fflush.o)
 .data          0x00000000000009ac        0x0 c:/intelfpga_lite/18.1/nios2eds/bin/gnu/h-x86_64-mingw32/bin/../lib/gcc/nios2-elf/5.3.0/../../../../../H-x86_64-mingw32/nios2-elf/lib/mno-hw-mul\libc.a(lib_a-freer.o)
 .data          0x00000000000009ac        0x0 c:/intelfpga_lite/18.1/nios2eds/bin/gnu/h-x86_64-mingw32/bin/../lib/gcc/nios2-elf/5.3.0/../../../../../H-x86_64-mingw32/nios2-elf/lib/mno-hw-mul\libc.a(lib_a-int_errno.o)
 .data          0x00000000000009ac        0x0 c:/intelfpga_lite/18.1/nios2eds/bin/gnu/h-x86_64-mingw32/bin/../lib/gcc/nios2-elf/5.3.0/../../../../../H-x86_64-mingw32/nios2-elf/lib/mno-hw-mul\libc.a(lib_a-lseekr.o)
 .data          0x00000000000009ac        0x0 c:/intelfpga_lite/18.1/nios2eds/bin/gnu/h-x86_64-mingw32/bin/../lib/gcc/nios2-elf/5.3.0/../../../../../H-x86_64-mingw32/nios2-elf/lib/mno-hw-mul\libc.a(lib_a-makebuf.o)
 .data          0x00000000000009ac        0x0 c:/intelfpga_lite/18.1/nios2eds/bin/gnu/h-x86_64-mingw32/bin/../lib/gcc/nios2-elf/5.3.0/../../../../../H-x86_64-mingw32/nios2-elf/lib/mno-hw-mul\libc.a(lib_a-readr.o)
 .data          0x00000000000009ac        0x0 c:/intelfpga_lite/18.1/nios2eds/bin/gnu/h-x86_64-mingw32/bin/../lib/gcc/nios2-elf/5.3.0/../../../../../H-x86_64-mingw32/nios2-elf/lib/mno-hw-mul\libc.a(lib_a-fstatr.o)
 .data          0x00000000000009ac        0x0 c:/intelfpga_lite/18.1/nios2eds/bin/gnu/h-x86_64-mingw32/bin/../lib/gcc/nios2-elf/5.3.0/../../../../../H-x86_64-mingw32/nios2-elf/lib/mno-hw-mul\libc.a(lib_a-isattyr.o)
 .data          0x00000000000009ac        0x0 c:/intelfpga_lite/18.1/nios2eds/bin/gnu/h-x86_64-mingw32/bin/../lib/gcc/nios2-elf/5.3.0/mno-hw-mul\libgcc.a(lib2-divmod.o)
 .data          0x00000000000009ac        0x0 c:/intelfpga_lite/18.1/nios2eds/bin/gnu/h-x86_64-mingw32/bin/../lib/gcc/nios2-elf/5.3.0/mno-hw-mul\libgcc.a(lib2-mul.o)
 .data          0x00000000000009ac        0x0 ../DE10_LITE_Nios_bsp/\libucosii_bsp.a(alt_close.o)
 .data          0x00000000000009ac      0x1a8 ../DE10_LITE_Nios_bsp/\libucosii_bsp.a(alt_dev.o)
                0x00000000000009ac                alt_dev_null
                0x00000000000009d4                alt_fd_list
 .data          0x0000000000000b54        0x0 ../DE10_LITE_Nios_bsp/\libucosii_bsp.a(alt_errno.o)
 .data          0x0000000000000b54        0x0 ../DE10_LITE_Nios_bsp/\libucosii_bsp.a(alt_fstat.o)
 .data          0x0000000000000b54        0x0 ../DE10_LITE_Nios_bsp/\libucosii_bsp.a(alt_isatty.o)
 .data          0x0000000000000b54        0x0 ../DE10_LITE_Nios_bsp/\libucosii_bsp.a(alt_load.o)
 .data          0x0000000000000b54        0x0 ../DE10_LITE_Nios_bsp/\libucosii_bsp.a(alt_lseek.o)
 .data          0x0000000000000b54        0x0 ../DE10_LITE_Nios_bsp/\libucosii_bsp.a(alt_main.o)
 .data          0x0000000000000b54        0x0 ../DE10_LITE_Nios_bsp/\libucosii_bsp.a(alt_read.o)
 .data          0x0000000000000b54        0x0 ../DE10_LITE_Nios_bsp/\libucosii_bsp.a(alt_release_fd.o)
 .data          0x0000000000000b54        0x0 ../DE10_LITE_Nios_bsp/\libucosii_bsp.a(alt_sbrk.o)
 .data          0x0000000000000b54        0x0 ../DE10_LITE_Nios_bsp/\libucosii_bsp.a(alt_write.o)
 .data          0x0000000000000b54        0x0 ../DE10_LITE_Nios_bsp/\libucosii_bsp.a(alt_env_lock.o)
 .data          0x0000000000000b54        0x0 ../DE10_LITE_Nios_bsp/\libucosii_bsp.a(alt_malloc_lock.o)
 .data          0x0000000000000b54        0x0 ../DE10_LITE_Nios_bsp/\libucosii_bsp.a(os_core.o)
 .data          0x0000000000000b54        0x0 ../DE10_LITE_Nios_bsp/\libucosii_bsp.a(os_dbg.o)
 .data          0x0000000000000b54        0x0 ../DE10_LITE_Nios_bsp/\libucosii_bsp.a(os_flag.o)
 .data          0x0000000000000b54        0x0 ../DE10_LITE_Nios_bsp/\libucosii_bsp.a(os_mem.o)
 .data          0x0000000000000b54        0x0 ../DE10_LITE_Nios_bsp/\libucosii_bsp.a(os_q.o)
 .data          0x0000000000000b54        0x0 ../DE10_LITE_Nios_bsp/\libucosii_bsp.a(os_sem.o)
 .data          0x0000000000000b54        0x0 ../DE10_LITE_Nios_bsp/\libucosii_bsp.a(os_task.o)
 .data          0x0000000000000b54        0x0 ../DE10_LITE_Nios_bsp/\libucosii_bsp.a(os_time.o)
 .data          0x0000000000000b54     0x106c ../DE10_LITE_Nios_bsp/\libucosii_bsp.a(alt_sys_init.o)
 .data          0x0000000000001bc0        0x0 ../DE10_LITE_Nios_bsp/\libucosii_bsp.a(altera_avalon_jtag_uart_fd.o)
 .data          0x0000000000001bc0        0x0 ../DE10_LITE_Nios_bsp/\libucosii_bsp.a(altera_avalon_jtag_uart_init.o)
 .data          0x0000000000001bc0        0x0 ../DE10_LITE_Nios_bsp/\libucosii_bsp.a(altera_avalon_jtag_uart_ioctl.o)
 .data          0x0000000000001bc0        0x0 ../DE10_LITE_Nios_bsp/\libucosii_bsp.a(altera_avalon_jtag_uart_read.o)
 .data          0x0000000000001bc0        0x0 ../DE10_LITE_Nios_bsp/\libucosii_bsp.a(altera_avalon_jtag_uart_write.o)
 .data          0x0000000000001bc0        0x0 ../DE10_LITE_Nios_bsp/\libucosii_bsp.a(altera_avalon_timer_sc.o)
 .data          0x0000000000001bc0        0x0 ../DE10_LITE_Nios_bsp/\libucosii_bsp.a(alt_alarm_start.o)
 .data          0x0000000000001bc0        0x0 ../DE10_LITE_Nios_bsp/\libucosii_bsp.a(alt_dcache_flush_all.o)
 .data          0x0000000000001bc0        0x0 ../DE10_LITE_Nios_bsp/\libucosii_bsp.a(alt_dev_llist_insert.o)
 .data          0x0000000000001bc0        0x0 ../DE10_LITE_Nios_bsp/\libucosii_bsp.a(alt_do_ctors.o)
 .data          0x0000000000001bc0        0x0 ../DE10_LITE_Nios_bsp/\libucosii_bsp.a(alt_do_dtors.o)
 .data          0x0000000000001bc0        0x0 ../DE10_LITE_Nios_bsp/\libucosii_bsp.a(alt_icache_flush_all.o)
 .data          0x0000000000001bc0        0x0 ../DE10_LITE_Nios_bsp/\libucosii_bsp.a(alt_iic.o)
 .data          0x0000000000001bc0        0x0 ../DE10_LITE_Nios_bsp/\libucosii_bsp.a(alt_iic_isr_register.o)
 .data          0x0000000000001bc0        0x0 ../DE10_LITE_Nios_bsp/\libucosii_bsp.a(alt_io_redirect.o)
 .data          0x0000000000001bc0        0x0 ../DE10_LITE_Nios_bsp/\libucosii_bsp.a(alt_irq_entry.o)
 .data          0x0000000000001bc0        0x0 ../DE10_LITE_Nios_bsp/\libucosii_bsp.a(alt_irq_handler.o)
 .data          0x0000000000001bc0        0x0 ../DE10_LITE_Nios_bsp/\libucosii_bsp.a(alt_irq_vars.o)
 .data          0x0000000000001bc0        0x0 ../DE10_LITE_Nios_bsp/\libucosii_bsp.a(alt_open.o)
 .data          0x0000000000001bc0        0x0 ../DE10_LITE_Nios_bsp/\libucosii_bsp.a(alt_tick.o)
 .data          0x0000000000001bc0        0x0 ../DE10_LITE_Nios_bsp/\libucosii_bsp.a(altera_nios2_gen2_irq.o)
 .data          0x0000000000001bc0        0x0 ../DE10_LITE_Nios_bsp/\libucosii_bsp.a(os_cpu_a.o)
 .data          0x0000000000001bc0        0x0 ../DE10_LITE_Nios_bsp/\libucosii_bsp.a(os_cpu_c.o)
 .data          0x0000000000001bc0        0x0 ../DE10_LITE_Nios_bsp/\libucosii_bsp.a(alt_exception_entry.o)
 .data          0x0000000000001bc0        0x0 ../DE10_LITE_Nios_bsp/\libucosii_bsp.a(alt_find_dev.o)
 .data          0x0000000000001bc0        0x0 ../DE10_LITE_Nios_bsp/\libucosii_bsp.a(alt_find_file.o)
 .data          0x0000000000001bc0        0x0 ../DE10_LITE_Nios_bsp/\libucosii_bsp.a(alt_get_fd.o)
 .data          0x0000000000001bc0        0x0 ../DE10_LITE_Nios_bsp/\libucosii_bsp.a(alt_instruction_exception_entry.o)
 .data          0x0000000000001bc0        0x0 c:/intelfpga_lite/18.1/nios2eds/bin/gnu/h-x86_64-mingw32/bin/../lib/gcc/nios2-elf/5.3.0/../../../../../H-x86_64-mingw32/nios2-elf/lib/mno-hw-mul\libc.a(lib_a-atexit.o)
 .data          0x0000000000001bc0        0x0 c:/intelfpga_lite/18.1/nios2eds/bin/gnu/h-x86_64-mingw32/bin/../lib/gcc/nios2-elf/5.3.0/../../../../../H-x86_64-mingw32/nios2-elf/lib/mno-hw-mul\libc.a(lib_a-exit.o)
 .data          0x0000000000001bc0        0x0 c:/intelfpga_lite/18.1/nios2eds/bin/gnu/h-x86_64-mingw32/bin/../lib/gcc/nios2-elf/5.3.0/../../../../../H-x86_64-mingw32/nios2-elf/lib/mno-hw-mul\libc.a(lib_a-memcmp.o)
 .data          0x0000000000001bc0        0x0 c:/intelfpga_lite/18.1/nios2eds/bin/gnu/h-x86_64-mingw32/bin/../lib/gcc/nios2-elf/5.3.0/../../../../../H-x86_64-mingw32/nios2-elf/lib/mno-hw-mul\libc.a(lib_a-__atexit.o)
 .data          0x0000000000001bc0        0x0 c:/intelfpga_lite/18.1/nios2eds/bin/gnu/h-x86_64-mingw32/bin/../lib/gcc/nios2-elf/5.3.0/../../../../../H-x86_64-mingw32/nios2-elf/lib/mno-hw-mul\libc.a(lib_a-__call_atexit.o)
 .data          0x0000000000001bc0        0x0 ../DE10_LITE_Nios_bsp/\libucosii_bsp.a(alt_exit.o)
                0x0000000000009bc0                _gp = ABSOLUTE ((. + 0x8000))
                [!provide]                        PROVIDE (gp, _gp)
 *(.rwdata .rwdata.*)
 *(.sdata .sdata.* .gnu.linkonce.s.*)
 .sdata._global_impure_ptr
                0x0000000000001bc0        0x4 c:/intelfpga_lite/18.1/nios2eds/bin/gnu/h-x86_64-mingw32/bin/../lib/gcc/nios2-elf/5.3.0/../../../../../H-x86_64-mingw32/nios2-elf/lib/mno-hw-mul\libc.a(lib_a-impure.o)
                0x0000000000001bc0                _global_impure_ptr
 .sdata._impure_ptr
                0x0000000000001bc4        0x4 c:/intelfpga_lite/18.1/nios2eds/bin/gnu/h-x86_64-mingw32/bin/../lib/gcc/nios2-elf/5.3.0/../../../../../H-x86_64-mingw32/nios2-elf/lib/mno-hw-mul\libc.a(lib_a-impure.o)
                0x0000000000001bc4                _impure_ptr
 .sdata.__malloc_sbrk_base
                0x0000000000001bc8        0x4 c:/intelfpga_lite/18.1/nios2eds/bin/gnu/h-x86_64-mingw32/bin/../lib/gcc/nios2-elf/5.3.0/../../../../../H-x86_64-mingw32/nios2-elf/lib/mno-hw-mul\libc.a(lib_a-mallocr.o)
                0x0000000000001bc8                __malloc_sbrk_base
 .sdata.__malloc_trim_threshold
                0x0000000000001bcc        0x4 c:/intelfpga_lite/18.1/nios2eds/bin/gnu/h-x86_64-mingw32/bin/../lib/gcc/nios2-elf/5.3.0/../../../../../H-x86_64-mingw32/nios2-elf/lib/mno-hw-mul\libc.a(lib_a-mallocr.o)
                0x0000000000001bcc                __malloc_trim_threshold
 .sdata         0x0000000000001bd0       0x14 ../DE10_LITE_Nios_bsp/\libucosii_bsp.a(alt_dev.o)
                0x0000000000001bd0                alt_fs_list
                0x0000000000001bd8                alt_dev_list
                0x0000000000001be0                alt_max_fd
 .sdata         0x0000000000001be4        0x4 ../DE10_LITE_Nios_bsp/\libucosii_bsp.a(alt_errno.o)
                0x0000000000001be4                alt_errno
 .sdata         0x0000000000001be8        0x4 ../DE10_LITE_Nios_bsp/\libucosii_bsp.a(alt_sbrk.o)
 .sdata         0x0000000000001bec        0x4 ../DE10_LITE_Nios_bsp/\libucosii_bsp.a(alt_env_lock.o)
 .sdata         0x0000000000001bf0        0x4 ../DE10_LITE_Nios_bsp/\libucosii_bsp.a(alt_malloc_lock.o)
 .sdata         0x0000000000001bf4       0x72 ../DE10_LITE_Nios_bsp/\libucosii_bsp.a(os_dbg.o)
                0x0000000000001bf4                OSDebugEn
                0x0000000000001bf8                OSEndiannessTest
                0x0000000000001bfc                OSEventEn
                0x0000000000001bfe                OSEventMax
                0x0000000000001c00                OSEventNameSize
                0x0000000000001c02                OSEventSize
                0x0000000000001c04                OSEventTblSize
                0x0000000000001c06                OSEventMultiEn
                0x0000000000001c08                OSFlagEn
                0x0000000000001c0a                OSFlagGrpSize
                0x0000000000001c0c                OSFlagNodeSize
                0x0000000000001c0e                OSFlagWidth
                0x0000000000001c10                OSFlagMax
                0x0000000000001c12                OSFlagNameSize
                0x0000000000001c14                OSLowestPrio
                0x0000000000001c16                OSMboxEn
                0x0000000000001c18                OSMemEn
                0x0000000000001c1a                OSMemMax
                0x0000000000001c1c                OSMemNameSize
                0x0000000000001c1e                OSMemSize
                0x0000000000001c20                OSMemTblSize
                0x0000000000001c22                OSMutexEn
                0x0000000000001c24                OSPtrSize
                0x0000000000001c26                OSQEn
                0x0000000000001c28                OSQMax
                0x0000000000001c2a                OSQSize
                0x0000000000001c2c                OSRdyTblSize
                0x0000000000001c2e                OSSemEn
                0x0000000000001c30                OSStkWidth
                0x0000000000001c32                OSTaskCreateEn
                0x0000000000001c34                OSTaskCreateExtEn
                0x0000000000001c36                OSTaskDelEn
                0x0000000000001c38                OSTaskIdleStkSize
                0x0000000000001c3a                OSTaskProfileEn
                0x0000000000001c3c                OSTaskMax
                0x0000000000001c3e                OSTaskNameSize
                0x0000000000001c40                OSTaskStatEn
                0x0000000000001c42                OSTaskStatStkSize
                0x0000000000001c44                OSTaskStatStkChkEn
                0x0000000000001c46                OSTaskSwHookEn
                0x0000000000001c48                OSTCBPrioTblMax
                0x0000000000001c4a                OSTCBSize
                0x0000000000001c4c                OSTicksPerSec
                0x0000000000001c4e                OSTimeTickHookEn
                0x0000000000001c50                OSVersionNbr
                0x0000000000001c52                OSTmrEn
                0x0000000000001c54                OSTmrCfgMax
                0x0000000000001c56                OSTmrCfgNameSize
                0x0000000000001c58                OSTmrCfgWheelSize
                0x0000000000001c5a                OSTmrCfgTicksPerSec
                0x0000000000001c5c                OSTmrSize
                0x0000000000001c5e                OSTmrTblSize
                0x0000000000001c60                OSTmrWheelSize
                0x0000000000001c62                OSTmrWheelTblSize
                0x0000000000001c64                OSDataSize
 *fill*         0x0000000000001c66        0x2 
 .sdata         0x0000000000001c68        0x4 ../DE10_LITE_Nios_bsp/\libucosii_bsp.a(alt_irq_vars.o)
                0x0000000000001c68                alt_priority_mask
 .sdata         0x0000000000001c6c        0x8 ../DE10_LITE_Nios_bsp/\libucosii_bsp.a(alt_tick.o)
                0x0000000000001c6c                alt_alarm_list
 *(.sdata2 .sdata2.* .gnu.linkonce.s2.*)
                0x0000000000001c74                . = ALIGN (0x4)
                0x0000000000001c74                _edata = ABSOLUTE (.)
                [!provide]                        PROVIDE (edata, ABSOLUTE (.))
                0x0000000000001c74                PROVIDE (__ram_rwdata_end, ABSOLUTE (.))
                0x000000000402dc04                PROVIDE (__flash_rwdata_start, LOADADDR (.rwdata))

.bss            0x0000000000001c74     0x73dc load address 0x000000000402f6f8
                0x0000000000001c74                __bss_start = ABSOLUTE (.)
                [!provide]                        PROVIDE (__sbss_start, ABSOLUTE (.))
                [!provide]                        PROVIDE (___sbss_start, ABSOLUTE (.))
 *(.dynsbss)
 *(.sbss .sbss.* .gnu.linkonce.sb.*)
 .sbss.__malloc_max_total_mem
                0x0000000000001c74        0x4 c:/intelfpga_lite/18.1/nios2eds/bin/gnu/h-x86_64-mingw32/bin/../lib/gcc/nios2-elf/5.3.0/../../../../../H-x86_64-mingw32/nios2-elf/lib/mno-hw-mul\libc.a(lib_a-mallocr.o)
                0x0000000000001c74                __malloc_max_total_mem
 .sbss.__malloc_max_sbrked_mem
                0x0000000000001c78        0x4 c:/intelfpga_lite/18.1/nios2eds/bin/gnu/h-x86_64-mingw32/bin/../lib/gcc/nios2-elf/5.3.0/../../../../../H-x86_64-mingw32/nios2-elf/lib/mno-hw-mul\libc.a(lib_a-mallocr.o)
                0x0000000000001c78                __malloc_max_sbrked_mem
 .sbss.__malloc_top_pad
                0x0000000000001c7c        0x4 c:/intelfpga_lite/18.1/nios2eds/bin/gnu/h-x86_64-mingw32/bin/../lib/gcc/nios2-elf/5.3.0/../../../../../H-x86_64-mingw32/nios2-elf/lib/mno-hw-mul\libc.a(lib_a-mallocr.o)
                0x0000000000001c7c                __malloc_top_pad
 .sbss          0x0000000000001c80        0x4 c:/intelfpga_lite/18.1/nios2eds/bin/gnu/h-x86_64-mingw32/bin/../lib/gcc/nios2-elf/5.3.0/../../../../../H-x86_64-mingw32/nios2-elf/lib/mno-hw-mul\libc.a(lib_a-int_errno.o)
                0x0000000000001c80                errno
 .sbss          0x0000000000001c84        0x4 ../DE10_LITE_Nios_bsp/\libucosii_bsp.a(alt_dev.o)
                0x0000000000001c84                alt_fd_list_lock
 .sbss          0x0000000000001c88        0xc ../DE10_LITE_Nios_bsp/\libucosii_bsp.a(alt_main.o)
                0x0000000000001c88                alt_argc
                0x0000000000001c8c                alt_argv
                0x0000000000001c90                alt_envp
 .sbss          0x0000000000001c94        0x8 ../DE10_LITE_Nios_bsp/\libucosii_bsp.a(alt_env_lock.o)
                0x0000000000001c98                alt_envsem
 .sbss          0x0000000000001c9c        0x8 ../DE10_LITE_Nios_bsp/\libucosii_bsp.a(alt_malloc_lock.o)
                0x0000000000001ca0                alt_heapsem
 .sbss          0x0000000000001ca4       0x50 ../DE10_LITE_Nios_bsp/\libucosii_bsp.a(os_core.o)
                0x0000000000001ca4                OSLockNesting
                0x0000000000001ca5                OSRunning
                0x0000000000001ca8                OSIdleCtr
                0x0000000000001cac                OSPrioHighRdy
                0x0000000000001cad                OSPrioCur
                0x0000000000001cb0                OSTCBList
                0x0000000000001cb4                OSTickStepState
                0x0000000000001cb8                OSCtxSwCtr
                0x0000000000001cbc                OSIdleCtrMax
                0x0000000000001cc0                OSTCBFreeList
                0x0000000000001cc4                OSCPUUsage
                0x0000000000001cc5                OSTaskCtr
                0x0000000000001cc8                OSMemFreeList
                0x0000000000001ccc                OSTCBHighRdy
                0x0000000000001cd0                OSQFreeList
                0x0000000000001cd4                OSRdyGrp
                0x0000000000001cd5                OSRdyTbl
                0x0000000000001cd8                OSEventFreeList
                0x0000000000001cdc                OSIntNesting
                0x0000000000001ce0                OSTCBCur
                0x0000000000001ce4                OSTime
                0x0000000000001ce8                OSFlagFreeList
                0x0000000000001cec                OSStatRdy
                0x0000000000001cf0                OSIdleCtrRun
 .sbss          0x0000000000001cf4        0x4 ../DE10_LITE_Nios_bsp/\libucosii_bsp.a(alt_irq_vars.o)
                0x0000000000001cf4                alt_irq_active
 .sbss          0x0000000000001cf8        0x8 ../DE10_LITE_Nios_bsp/\libucosii_bsp.a(alt_tick.o)
                0x0000000000001cf8                _alt_tick_rate
                0x0000000000001cfc                _alt_nticks
 .sbss          0x0000000000001d00        0x4 ../DE10_LITE_Nios_bsp/\libucosii_bsp.a(alt_instruction_exception_entry.o)
                0x0000000000001d00                alt_instruction_exception_handler
 *(.sbss2 .sbss2.* .gnu.linkonce.sb2.*)
 *(.scommon)
                [!provide]                        PROVIDE (__sbss_end, ABSOLUTE (.))
                [!provide]                        PROVIDE (___sbss_end, ABSOLUTE (.))
 *(.dynbss)
 *(.bss .bss.* .gnu.linkonce.b.*)
 .bss           0x0000000000001d04        0x0 ../DE10_LITE_Nios_bsp//obj/HAL/src/crt0.o
 .bss           0x0000000000001d04        0x0 obj/default/hello_ucosii.o
 .bss           0x0000000000001d04        0x0 c:/intelfpga_lite/18.1/nios2eds/bin/gnu/h-x86_64-mingw32/bin/../lib/gcc/nios2-elf/5.3.0/../../../../../H-x86_64-mingw32/nios2-elf/lib/mno-hw-mul\libc.a(lib_a-puts.o)
 .bss           0x0000000000001d04        0x0 c:/intelfpga_lite/18.1/nios2eds/bin/gnu/h-x86_64-mingw32/bin/../lib/gcc/nios2-elf/5.3.0/../../../../../H-x86_64-mingw32/nios2-elf/lib/mno-hw-mul\libc.a(lib_a-strlen.o)
 .bss           0x0000000000001d04        0x0 c:/intelfpga_lite/18.1/nios2eds/bin/gnu/h-x86_64-mingw32/bin/../lib/gcc/nios2-elf/5.3.0/../../../../../H-x86_64-mingw32/nios2-elf/lib/mno-hw-mul\libc.a(lib_a-findfp.o)
 .bss           0x0000000000001d04        0x0 c:/intelfpga_lite/18.1/nios2eds/bin/gnu/h-x86_64-mingw32/bin/../lib/gcc/nios2-elf/5.3.0/../../../../../H-x86_64-mingw32/nios2-elf/lib/mno-hw-mul\libc.a(lib_a-fvwrite.o)
 .bss           0x0000000000001d04        0x0 c:/intelfpga_lite/18.1/nios2eds/bin/gnu/h-x86_64-mingw32/bin/../lib/gcc/nios2-elf/5.3.0/../../../../../H-x86_64-mingw32/nios2-elf/lib/mno-hw-mul\libc.a(lib_a-fwalk.o)
 .bss           0x0000000000001d04        0x0 c:/intelfpga_lite/18.1/nios2eds/bin/gnu/h-x86_64-mingw32/bin/../lib/gcc/nios2-elf/5.3.0/../../../../../H-x86_64-mingw32/nios2-elf/lib/mno-hw-mul\libc.a(lib_a-impure.o)
 .bss           0x0000000000001d04        0x0 c:/intelfpga_lite/18.1/nios2eds/bin/gnu/h-x86_64-mingw32/bin/../lib/gcc/nios2-elf/5.3.0/../../../../../H-x86_64-mingw32/nios2-elf/lib/mno-hw-mul\libc.a(lib_a-mallocr.o)
 .bss.__malloc_current_mallinfo
                0x0000000000001d04       0x28 c:/intelfpga_lite/18.1/nios2eds/bin/gnu/h-x86_64-mingw32/bin/../lib/gcc/nios2-elf/5.3.0/../../../../../H-x86_64-mingw32/nios2-elf/lib/mno-hw-mul\libc.a(lib_a-mallocr.o)
                0x0000000000001d04                __malloc_current_mallinfo
 .bss           0x0000000000001d2c        0x0 c:/intelfpga_lite/18.1/nios2eds/bin/gnu/h-x86_64-mingw32/bin/../lib/gcc/nios2-elf/5.3.0/../../../../../H-x86_64-mingw32/nios2-elf/lib/mno-hw-mul\libc.a(lib_a-memchr.o)
 .bss           0x0000000000001d2c        0x0 c:/intelfpga_lite/18.1/nios2eds/bin/gnu/h-x86_64-mingw32/bin/../lib/gcc/nios2-elf/5.3.0/../../../../../H-x86_64-mingw32/nios2-elf/lib/mno-hw-mul\libc.a(lib_a-memcpy.o)
 .bss           0x0000000000001d2c        0x0 c:/intelfpga_lite/18.1/nios2eds/bin/gnu/h-x86_64-mingw32/bin/../lib/gcc/nios2-elf/5.3.0/../../../../../H-x86_64-mingw32/nios2-elf/lib/mno-hw-mul\libc.a(lib_a-memmove.o)
 .bss           0x0000000000001d2c        0x0 c:/intelfpga_lite/18.1/nios2eds/bin/gnu/h-x86_64-mingw32/bin/../lib/gcc/nios2-elf/5.3.0/../../../../../H-x86_64-mingw32/nios2-elf/lib/mno-hw-mul\libc.a(lib_a-memset.o)
 .bss           0x0000000000001d2c        0x0 c:/intelfpga_lite/18.1/nios2eds/bin/gnu/h-x86_64-mingw32/bin/../lib/gcc/nios2-elf/5.3.0/../../../../../H-x86_64-mingw32/nios2-elf/lib/mno-hw-mul\libc.a(lib_a-reallocr.o)
 .bss           0x0000000000001d2c        0x0 c:/intelfpga_lite/18.1/nios2eds/bin/gnu/h-x86_64-mingw32/bin/../lib/gcc/nios2-elf/5.3.0/../../../../../H-x86_64-mingw32/nios2-elf/lib/mno-hw-mul\libc.a(lib_a-sbrkr.o)
 .bss           0x0000000000001d2c        0x0 c:/intelfpga_lite/18.1/nios2eds/bin/gnu/h-x86_64-mingw32/bin/../lib/gcc/nios2-elf/5.3.0/../../../../../H-x86_64-mingw32/nios2-elf/lib/mno-hw-mul\libc.a(lib_a-stdio.o)
 .bss           0x0000000000001d2c        0x0 c:/intelfpga_lite/18.1/nios2eds/bin/gnu/h-x86_64-mingw32/bin/../lib/gcc/nios2-elf/5.3.0/../../../../../H-x86_64-mingw32/nios2-elf/lib/mno-hw-mul\libc.a(lib_a-writer.o)
 .bss           0x0000000000001d2c        0x0 c:/intelfpga_lite/18.1/nios2eds/bin/gnu/h-x86_64-mingw32/bin/../lib/gcc/nios2-elf/5.3.0/../../../../../H-x86_64-mingw32/nios2-elf/lib/mno-hw-mul\libc.a(lib_a-wsetup.o)
 .bss           0x0000000000001d2c        0x0 c:/intelfpga_lite/18.1/nios2eds/bin/gnu/h-x86_64-mingw32/bin/../lib/gcc/nios2-elf/5.3.0/../../../../../H-x86_64-mingw32/nios2-elf/lib/mno-hw-mul\libc.a(closer.o)
 .bss           0x0000000000001d2c        0x0 c:/intelfpga_lite/18.1/nios2eds/bin/gnu/h-x86_64-mingw32/bin/../lib/gcc/nios2-elf/5.3.0/../../../../../H-x86_64-mingw32/nios2-elf/lib/mno-hw-mul\libc.a(lib_a-fclose.o)
 .bss           0x0000000000001d2c        0x0 c:/intelfpga_lite/18.1/nios2eds/bin/gnu/h-x86_64-mingw32/bin/../lib/gcc/nios2-elf/5.3.0/../../../../../H-x86_64-mingw32/nios2-elf/lib/mno-hw-mul\libc.a(lib_a-fflush.o)
 .bss           0x0000000000001d2c        0x0 c:/intelfpga_lite/18.1/nios2eds/bin/gnu/h-x86_64-mingw32/bin/../lib/gcc/nios2-elf/5.3.0/../../../../../H-x86_64-mingw32/nios2-elf/lib/mno-hw-mul\libc.a(lib_a-freer.o)
 .bss           0x0000000000001d2c        0x0 c:/intelfpga_lite/18.1/nios2eds/bin/gnu/h-x86_64-mingw32/bin/../lib/gcc/nios2-elf/5.3.0/../../../../../H-x86_64-mingw32/nios2-elf/lib/mno-hw-mul\libc.a(lib_a-int_errno.o)
 .bss           0x0000000000001d2c        0x0 c:/intelfpga_lite/18.1/nios2eds/bin/gnu/h-x86_64-mingw32/bin/../lib/gcc/nios2-elf/5.3.0/../../../../../H-x86_64-mingw32/nios2-elf/lib/mno-hw-mul\libc.a(lib_a-lseekr.o)
 .bss           0x0000000000001d2c        0x0 c:/intelfpga_lite/18.1/nios2eds/bin/gnu/h-x86_64-mingw32/bin/../lib/gcc/nios2-elf/5.3.0/../../../../../H-x86_64-mingw32/nios2-elf/lib/mno-hw-mul\libc.a(lib_a-makebuf.o)
 .bss           0x0000000000001d2c        0x0 c:/intelfpga_lite/18.1/nios2eds/bin/gnu/h-x86_64-mingw32/bin/../lib/gcc/nios2-elf/5.3.0/../../../../../H-x86_64-mingw32/nios2-elf/lib/mno-hw-mul\libc.a(lib_a-readr.o)
 .bss           0x0000000000001d2c        0x0 c:/intelfpga_lite/18.1/nios2eds/bin/gnu/h-x86_64-mingw32/bin/../lib/gcc/nios2-elf/5.3.0/../../../../../H-x86_64-mingw32/nios2-elf/lib/mno-hw-mul\libc.a(lib_a-fstatr.o)
 .bss           0x0000000000001d2c        0x0 c:/intelfpga_lite/18.1/nios2eds/bin/gnu/h-x86_64-mingw32/bin/../lib/gcc/nios2-elf/5.3.0/../../../../../H-x86_64-mingw32/nios2-elf/lib/mno-hw-mul\libc.a(lib_a-isattyr.o)
 .bss           0x0000000000001d2c        0x0 c:/intelfpga_lite/18.1/nios2eds/bin/gnu/h-x86_64-mingw32/bin/../lib/gcc/nios2-elf/5.3.0/mno-hw-mul\libgcc.a(lib2-divmod.o)
 .bss           0x0000000000001d2c        0x0 c:/intelfpga_lite/18.1/nios2eds/bin/gnu/h-x86_64-mingw32/bin/../lib/gcc/nios2-elf/5.3.0/mno-hw-mul\libgcc.a(lib2-mul.o)
 .bss           0x0000000000001d2c        0x0 ../DE10_LITE_Nios_bsp/\libucosii_bsp.a(alt_close.o)
 .bss           0x0000000000001d2c        0x0 ../DE10_LITE_Nios_bsp/\libucosii_bsp.a(alt_dev.o)
 .bss           0x0000000000001d2c        0x0 ../DE10_LITE_Nios_bsp/\libucosii_bsp.a(alt_errno.o)
 .bss           0x0000000000001d2c        0x0 ../DE10_LITE_Nios_bsp/\libucosii_bsp.a(alt_fstat.o)
 .bss           0x0000000000001d2c        0x0 ../DE10_LITE_Nios_bsp/\libucosii_bsp.a(alt_isatty.o)
 .bss           0x0000000000001d2c        0x0 ../DE10_LITE_Nios_bsp/\libucosii_bsp.a(alt_load.o)
 .bss           0x0000000000001d2c        0x0 ../DE10_LITE_Nios_bsp/\libucosii_bsp.a(alt_lseek.o)
 .bss           0x0000000000001d2c        0x0 ../DE10_LITE_Nios_bsp/\libucosii_bsp.a(alt_main.o)
 .bss           0x0000000000001d2c        0x0 ../DE10_LITE_Nios_bsp/\libucosii_bsp.a(alt_read.o)
 .bss           0x0000000000001d2c        0x0 ../DE10_LITE_Nios_bsp/\libucosii_bsp.a(alt_release_fd.o)
 .bss           0x0000000000001d2c        0x0 ../DE10_LITE_Nios_bsp/\libucosii_bsp.a(alt_sbrk.o)
 .bss           0x0000000000001d2c        0x0 ../DE10_LITE_Nios_bsp/\libucosii_bsp.a(alt_write.o)
 .bss           0x0000000000001d2c        0x0 ../DE10_LITE_Nios_bsp/\libucosii_bsp.a(alt_env_lock.o)
 .bss           0x0000000000001d2c        0x0 ../DE10_LITE_Nios_bsp/\libucosii_bsp.a(alt_malloc_lock.o)
 .bss           0x0000000000001d2c        0x0 ../DE10_LITE_Nios_bsp/\libucosii_bsp.a(os_core.o)
 .bss           0x0000000000001d2c        0x0 ../DE10_LITE_Nios_bsp/\libucosii_bsp.a(os_dbg.o)
 .bss           0x0000000000001d2c        0x0 ../DE10_LITE_Nios_bsp/\libucosii_bsp.a(os_flag.o)
 .bss           0x0000000000001d2c        0x0 ../DE10_LITE_Nios_bsp/\libucosii_bsp.a(os_mem.o)
 .bss           0x0000000000001d2c        0x0 ../DE10_LITE_Nios_bsp/\libucosii_bsp.a(os_q.o)
 .bss           0x0000000000001d2c        0x0 ../DE10_LITE_Nios_bsp/\libucosii_bsp.a(os_sem.o)
 .bss           0x0000000000001d2c        0x0 ../DE10_LITE_Nios_bsp/\libucosii_bsp.a(os_task.o)
 .bss           0x0000000000001d2c        0x0 ../DE10_LITE_Nios_bsp/\libucosii_bsp.a(os_time.o)
 .bss           0x0000000000001d2c        0x0 ../DE10_LITE_Nios_bsp/\libucosii_bsp.a(alt_sys_init.o)
 .bss           0x0000000000001d2c        0x0 ../DE10_LITE_Nios_bsp/\libucosii_bsp.a(altera_avalon_jtag_uart_fd.o)
 .bss           0x0000000000001d2c        0x0 ../DE10_LITE_Nios_bsp/\libucosii_bsp.a(altera_avalon_jtag_uart_init.o)
 .bss           0x0000000000001d2c        0x0 ../DE10_LITE_Nios_bsp/\libucosii_bsp.a(altera_avalon_jtag_uart_ioctl.o)
 .bss           0x0000000000001d2c        0x0 ../DE10_LITE_Nios_bsp/\libucosii_bsp.a(altera_avalon_jtag_uart_read.o)
 .bss           0x0000000000001d2c        0x0 ../DE10_LITE_Nios_bsp/\libucosii_bsp.a(altera_avalon_jtag_uart_write.o)
 .bss           0x0000000000001d2c        0x0 ../DE10_LITE_Nios_bsp/\libucosii_bsp.a(altera_avalon_timer_sc.o)
 .bss           0x0000000000001d2c        0x0 ../DE10_LITE_Nios_bsp/\libucosii_bsp.a(alt_alarm_start.o)
 .bss           0x0000000000001d2c        0x0 ../DE10_LITE_Nios_bsp/\libucosii_bsp.a(alt_dcache_flush_all.o)
 .bss           0x0000000000001d2c        0x0 ../DE10_LITE_Nios_bsp/\libucosii_bsp.a(alt_dev_llist_insert.o)
 .bss           0x0000000000001d2c        0x0 ../DE10_LITE_Nios_bsp/\libucosii_bsp.a(alt_do_ctors.o)
 .bss           0x0000000000001d2c        0x0 ../DE10_LITE_Nios_bsp/\libucosii_bsp.a(alt_do_dtors.o)
 .bss           0x0000000000001d2c        0x0 ../DE10_LITE_Nios_bsp/\libucosii_bsp.a(alt_icache_flush_all.o)
 .bss           0x0000000000001d2c        0x0 ../DE10_LITE_Nios_bsp/\libucosii_bsp.a(alt_iic.o)
 .bss           0x0000000000001d2c        0x0 ../DE10_LITE_Nios_bsp/\libucosii_bsp.a(alt_iic_isr_register.o)
 .bss           0x0000000000001d2c        0x0 ../DE10_LITE_Nios_bsp/\libucosii_bsp.a(alt_io_redirect.o)
 .bss           0x0000000000001d2c        0x0 ../DE10_LITE_Nios_bsp/\libucosii_bsp.a(alt_irq_entry.o)
 .bss           0x0000000000001d2c        0x0 ../DE10_LITE_Nios_bsp/\libucosii_bsp.a(alt_irq_handler.o)
 .bss           0x0000000000001d2c        0x0 ../DE10_LITE_Nios_bsp/\libucosii_bsp.a(alt_irq_vars.o)
 .bss           0x0000000000001d2c        0x0 ../DE10_LITE_Nios_bsp/\libucosii_bsp.a(alt_open.o)
 .bss           0x0000000000001d2c        0x0 ../DE10_LITE_Nios_bsp/\libucosii_bsp.a(alt_tick.o)
 .bss           0x0000000000001d2c        0x0 ../DE10_LITE_Nios_bsp/\libucosii_bsp.a(altera_nios2_gen2_irq.o)
 .bss           0x0000000000001d2c        0x0 ../DE10_LITE_Nios_bsp/\libucosii_bsp.a(os_cpu_a.o)
 .bss           0x0000000000001d2c        0x0 ../DE10_LITE_Nios_bsp/\libucosii_bsp.a(os_cpu_c.o)
 .bss           0x0000000000001d2c        0x0 ../DE10_LITE_Nios_bsp/\libucosii_bsp.a(alt_exception_entry.o)
 .bss           0x0000000000001d2c        0x0 ../DE10_LITE_Nios_bsp/\libucosii_bsp.a(alt_find_dev.o)
 .bss           0x0000000000001d2c        0x0 ../DE10_LITE_Nios_bsp/\libucosii_bsp.a(alt_find_file.o)
 .bss           0x0000000000001d2c        0x0 ../DE10_LITE_Nios_bsp/\libucosii_bsp.a(alt_get_fd.o)
 .bss           0x0000000000001d2c        0x0 ../DE10_LITE_Nios_bsp/\libucosii_bsp.a(alt_instruction_exception_entry.o)
 .bss           0x0000000000001d2c        0x0 c:/intelfpga_lite/18.1/nios2eds/bin/gnu/h-x86_64-mingw32/bin/../lib/gcc/nios2-elf/5.3.0/../../../../../H-x86_64-mingw32/nios2-elf/lib/mno-hw-mul\libc.a(lib_a-atexit.o)
 .bss           0x0000000000001d2c        0x0 c:/intelfpga_lite/18.1/nios2eds/bin/gnu/h-x86_64-mingw32/bin/../lib/gcc/nios2-elf/5.3.0/../../../../../H-x86_64-mingw32/nios2-elf/lib/mno-hw-mul\libc.a(lib_a-exit.o)
 .bss           0x0000000000001d2c        0x0 c:/intelfpga_lite/18.1/nios2eds/bin/gnu/h-x86_64-mingw32/bin/../lib/gcc/nios2-elf/5.3.0/../../../../../H-x86_64-mingw32/nios2-elf/lib/mno-hw-mul\libc.a(lib_a-memcmp.o)
 .bss           0x0000000000001d2c        0x0 c:/intelfpga_lite/18.1/nios2eds/bin/gnu/h-x86_64-mingw32/bin/../lib/gcc/nios2-elf/5.3.0/../../../../../H-x86_64-mingw32/nios2-elf/lib/mno-hw-mul\libc.a(lib_a-__atexit.o)
 .bss           0x0000000000001d2c        0x0 c:/intelfpga_lite/18.1/nios2eds/bin/gnu/h-x86_64-mingw32/bin/../lib/gcc/nios2-elf/5.3.0/../../../../../H-x86_64-mingw32/nios2-elf/lib/mno-hw-mul\libc.a(lib_a-__call_atexit.o)
 .bss           0x0000000000001d2c        0x0 ../DE10_LITE_Nios_bsp/\libucosii_bsp.a(alt_exit.o)
 *(COMMON)
 COMMON         0x0000000000001d2c     0x4000 obj/default/hello_ucosii.o
                0x0000000000001d2c                task1_stk
                0x0000000000003d2c                task2_stk
 COMMON         0x0000000000005d2c     0x3224 ../DE10_LITE_Nios_bsp/\libucosii_bsp.a(os_core.o)
                0x0000000000005d2c                OSFlagTbl
                0x000000000000609c                OSMemTbl
                0x0000000000006ccc                OSTaskStatStk
                0x00000000000074cc                OSQTbl
                0x00000000000076ac                OSTaskIdleStk
                0x0000000000007eac                OSEventTbl
                0x00000000000089ec                OSTCBTbl
                0x0000000000008efc                OSTCBPrioTbl
 COMMON         0x0000000000008f50      0x100 ../DE10_LITE_Nios_bsp/\libucosii_bsp.a(alt_irq_handler.o)
                0x0000000000008f50                alt_irq
                0x0000000000009050                . = ALIGN (0x4)
                0x0000000000009050                __bss_end = ABSOLUTE (.)

.sdram          0x0000000000009050        0x0 load address 0x000000000402f6f8
                [!provide]                        PROVIDE (_alt_partition_sdram_start, ABSOLUTE (.))
 *(.sdram .sdram. sdram.*)
                0x0000000000009050                . = ALIGN (0x4)
                [!provide]                        PROVIDE (_alt_partition_sdram_end, ABSOLUTE (.))
                0x0000000000009050                _end = ABSOLUTE (.)
                0x0000000000009050                end = ABSOLUTE (.)
                0x0000000000009050                __alt_stack_base = ABSOLUTE (.)
                [!provide]                        PROVIDE (_alt_partition_sdram_load_addr, LOADADDR (.sdram))

.onchip_memory2
                0x000000000402f6f8        0x0
                [!provide]                        PROVIDE (_alt_partition_onchip_memory2_start, ABSOLUTE (.))
 *(.onchip_memory2 .onchip_memory2. onchip_memory2.*)
                0x000000000402f6f8                . = ALIGN (0x4)
                [!provide]                        PROVIDE (_alt_partition_onchip_memory2_end, ABSOLUTE (.))
                [!provide]                        PROVIDE (_alt_partition_onchip_memory2_load_addr, LOADADDR (.onchip_memory2))

.stab
 *(.stab)

.stabstr
 *(.stabstr)

.stab.excl
 *(.stab.excl)

.stab.exclstr
 *(.stab.exclstr)

.stab.index
 *(.stab.index)

.stab.indexstr
 *(.stab.indexstr)

.comment        0x0000000000000000       0x46
 *(.comment)
 .comment       0x0000000000000000       0x23 obj/default/hello_ucosii.o
                                         0x24 (size before relaxing)
 .comment       0x0000000000000023       0x24 c:/intelfpga_lite/18.1/nios2eds/bin/gnu/h-x86_64-mingw32/bin/../lib/gcc/nios2-elf/5.3.0/../../../../../H-x86_64-mingw32/nios2-elf/lib/mno-hw-mul\libc.a(lib_a-puts.o)
 .comment       0x0000000000000023       0x24 c:/intelfpga_lite/18.1/nios2eds/bin/gnu/h-x86_64-mingw32/bin/../lib/gcc/nios2-elf/5.3.0/../../../../../H-x86_64-mingw32/nios2-elf/lib/mno-hw-mul\libc.a(lib_a-strlen.o)
 .comment       0x0000000000000023       0x24 c:/intelfpga_lite/18.1/nios2eds/bin/gnu/h-x86_64-mingw32/bin/../lib/gcc/nios2-elf/5.3.0/../../../../../H-x86_64-mingw32/nios2-elf/lib/mno-hw-mul\libc.a(lib_a-findfp.o)
 .comment       0x0000000000000023       0x24 c:/intelfpga_lite/18.1/nios2eds/bin/gnu/h-x86_64-mingw32/bin/../lib/gcc/nios2-elf/5.3.0/../../../../../H-x86_64-mingw32/nios2-elf/lib/mno-hw-mul\libc.a(lib_a-fvwrite.o)
 .comment       0x0000000000000023       0x24 c:/intelfpga_lite/18.1/nios2eds/bin/gnu/h-x86_64-mingw32/bin/../lib/gcc/nios2-elf/5.3.0/../../../../../H-x86_64-mingw32/nios2-elf/lib/mno-hw-mul\libc.a(lib_a-fwalk.o)
 .comment       0x0000000000000023       0x24 c:/intelfpga_lite/18.1/nios2eds/bin/gnu/h-x86_64-mingw32/bin/../lib/gcc/nios2-elf/5.3.0/../../../../../H-x86_64-mingw32/nios2-elf/lib/mno-hw-mul\libc.a(lib_a-impure.o)
 .comment       0x0000000000000023       0x24 c:/intelfpga_lite/18.1/nios2eds/bin/gnu/h-x86_64-mingw32/bin/../lib/gcc/nios2-elf/5.3.0/../../../../../H-x86_64-mingw32/nios2-elf/lib/mno-hw-mul\libc.a(lib_a-mallocr.o)
 .comment       0x0000000000000023       0x24 c:/intelfpga_lite/18.1/nios2eds/bin/gnu/h-x86_64-mingw32/bin/../lib/gcc/nios2-elf/5.3.0/../../../../../H-x86_64-mingw32/nios2-elf/lib/mno-hw-mul\libc.a(lib_a-memchr.o)
 .comment       0x0000000000000023       0x24 c:/intelfpga_lite/18.1/nios2eds/bin/gnu/h-x86_64-mingw32/bin/../lib/gcc/nios2-elf/5.3.0/../../../../../H-x86_64-mingw32/nios2-elf/lib/mno-hw-mul\libc.a(lib_a-memcpy.o)
 .comment       0x0000000000000023       0x24 c:/intelfpga_lite/18.1/nios2eds/bin/gnu/h-x86_64-mingw32/bin/../lib/gcc/nios2-elf/5.3.0/../../../../../H-x86_64-mingw32/nios2-elf/lib/mno-hw-mul\libc.a(lib_a-memmove.o)
 .comment       0x0000000000000023       0x24 c:/intelfpga_lite/18.1/nios2eds/bin/gnu/h-x86_64-mingw32/bin/../lib/gcc/nios2-elf/5.3.0/../../../../../H-x86_64-mingw32/nios2-elf/lib/mno-hw-mul\libc.a(lib_a-memset.o)
 .comment       0x0000000000000023       0x24 c:/intelfpga_lite/18.1/nios2eds/bin/gnu/h-x86_64-mingw32/bin/../lib/gcc/nios2-elf/5.3.0/../../../../../H-x86_64-mingw32/nios2-elf/lib/mno-hw-mul\libc.a(lib_a-reallocr.o)
 .comment       0x0000000000000023       0x24 c:/intelfpga_lite/18.1/nios2eds/bin/gnu/h-x86_64-mingw32/bin/../lib/gcc/nios2-elf/5.3.0/../../../../../H-x86_64-mingw32/nios2-elf/lib/mno-hw-mul\libc.a(lib_a-sbrkr.o)
 .comment       0x0000000000000023       0x24 c:/intelfpga_lite/18.1/nios2eds/bin/gnu/h-x86_64-mingw32/bin/../lib/gcc/nios2-elf/5.3.0/../../../../../H-x86_64-mingw32/nios2-elf/lib/mno-hw-mul\libc.a(lib_a-stdio.o)
 .comment       0x0000000000000023       0x24 c:/intelfpga_lite/18.1/nios2eds/bin/gnu/h-x86_64-mingw32/bin/../lib/gcc/nios2-elf/5.3.0/../../../../../H-x86_64-mingw32/nios2-elf/lib/mno-hw-mul\libc.a(lib_a-writer.o)
 .comment       0x0000000000000023       0x24 c:/intelfpga_lite/18.1/nios2eds/bin/gnu/h-x86_64-mingw32/bin/../lib/gcc/nios2-elf/5.3.0/../../../../../H-x86_64-mingw32/nios2-elf/lib/mno-hw-mul\libc.a(lib_a-wsetup.o)
 .comment       0x0000000000000023       0x24 c:/intelfpga_lite/18.1/nios2eds/bin/gnu/h-x86_64-mingw32/bin/../lib/gcc/nios2-elf/5.3.0/../../../../../H-x86_64-mingw32/nios2-elf/lib/mno-hw-mul\libc.a(closer.o)
 .comment       0x0000000000000023       0x24 c:/intelfpga_lite/18.1/nios2eds/bin/gnu/h-x86_64-mingw32/bin/../lib/gcc/nios2-elf/5.3.0/../../../../../H-x86_64-mingw32/nios2-elf/lib/mno-hw-mul\libc.a(lib_a-fclose.o)
 .comment       0x0000000000000023       0x24 c:/intelfpga_lite/18.1/nios2eds/bin/gnu/h-x86_64-mingw32/bin/../lib/gcc/nios2-elf/5.3.0/../../../../../H-x86_64-mingw32/nios2-elf/lib/mno-hw-mul\libc.a(lib_a-fflush.o)
 .comment       0x0000000000000023       0x24 c:/intelfpga_lite/18.1/nios2eds/bin/gnu/h-x86_64-mingw32/bin/../lib/gcc/nios2-elf/5.3.0/../../../../../H-x86_64-mingw32/nios2-elf/lib/mno-hw-mul\libc.a(lib_a-freer.o)
 .comment       0x0000000000000023       0x24 c:/intelfpga_lite/18.1/nios2eds/bin/gnu/h-x86_64-mingw32/bin/../lib/gcc/nios2-elf/5.3.0/../../../../../H-x86_64-mingw32/nios2-elf/lib/mno-hw-mul\libc.a(lib_a-int_errno.o)
 .comment       0x0000000000000023       0x24 c:/intelfpga_lite/18.1/nios2eds/bin/gnu/h-x86_64-mingw32/bin/../lib/gcc/nios2-elf/5.3.0/../../../../../H-x86_64-mingw32/nios2-elf/lib/mno-hw-mul\libc.a(lib_a-lseekr.o)
 .comment       0x0000000000000023       0x24 c:/intelfpga_lite/18.1/nios2eds/bin/gnu/h-x86_64-mingw32/bin/../lib/gcc/nios2-elf/5.3.0/../../../../../H-x86_64-mingw32/nios2-elf/lib/mno-hw-mul\libc.a(lib_a-makebuf.o)
 .comment       0x0000000000000023       0x24 c:/intelfpga_lite/18.1/nios2eds/bin/gnu/h-x86_64-mingw32/bin/../lib/gcc/nios2-elf/5.3.0/../../../../../H-x86_64-mingw32/nios2-elf/lib/mno-hw-mul\libc.a(lib_a-readr.o)
 .comment       0x0000000000000023       0x24 c:/intelfpga_lite/18.1/nios2eds/bin/gnu/h-x86_64-mingw32/bin/../lib/gcc/nios2-elf/5.3.0/../../../../../H-x86_64-mingw32/nios2-elf/lib/mno-hw-mul\libc.a(lib_a-fstatr.o)
 .comment       0x0000000000000023       0x24 c:/intelfpga_lite/18.1/nios2eds/bin/gnu/h-x86_64-mingw32/bin/../lib/gcc/nios2-elf/5.3.0/../../../../../H-x86_64-mingw32/nios2-elf/lib/mno-hw-mul\libc.a(lib_a-isattyr.o)
 .comment       0x0000000000000023       0x24 c:/intelfpga_lite/18.1/nios2eds/bin/gnu/h-x86_64-mingw32/bin/../lib/gcc/nios2-elf/5.3.0/mno-hw-mul\libgcc.a(lib2-divmod.o)
 .comment       0x0000000000000023       0x24 c:/intelfpga_lite/18.1/nios2eds/bin/gnu/h-x86_64-mingw32/bin/../lib/gcc/nios2-elf/5.3.0/mno-hw-mul\libgcc.a(lib2-mul.o)
 .comment       0x0000000000000023       0x24 ../DE10_LITE_Nios_bsp/\libucosii_bsp.a(alt_close.o)
 .comment       0x0000000000000023       0x24 ../DE10_LITE_Nios_bsp/\libucosii_bsp.a(alt_dev.o)
 .comment       0x0000000000000023       0x23 ../DE10_LITE_Nios_bsp/\libucosii_bsp.a(alt_errno.o)
                                         0x24 (size before relaxing)
 .comment       0x0000000000000046       0x24 ../DE10_LITE_Nios_bsp/\libucosii_bsp.a(alt_fstat.o)
 .comment       0x0000000000000046       0x24 ../DE10_LITE_Nios_bsp/\libucosii_bsp.a(alt_isatty.o)
 .comment       0x0000000000000046       0x24 ../DE10_LITE_Nios_bsp/\libucosii_bsp.a(alt_load.o)
 .comment       0x0000000000000046       0x24 ../DE10_LITE_Nios_bsp/\libucosii_bsp.a(alt_lseek.o)
 .comment       0x0000000000000046       0x24 ../DE10_LITE_Nios_bsp/\libucosii_bsp.a(alt_main.o)
 .comment       0x0000000000000046       0x24 ../DE10_LITE_Nios_bsp/\libucosii_bsp.a(alt_read.o)
 .comment       0x0000000000000046       0x24 ../DE10_LITE_Nios_bsp/\libucosii_bsp.a(alt_release_fd.o)